parameters: {':gs-guiding-features': ['color', 'orient', 'size', 'lum'], ':gs-select-interval': 0.05, ':gs-diffuser-capacity': 5, ':gs-choice-beta': 4.0, ':gs-saccade-margin': 0.25, ':gs-saccade-proximity': 0.1, ':gs-revised-saccades': True, ':gs-quit-noise-free': True, ':gs-recognition-extra': False, ':gs-id-drift': 0.25, ':gs-id-threshold': 0.03, ':gs-quit-delta': 0.02, ':gs-memory': 4, ':gs-attn-fvf': 8.0, ':gs-explore-fvf': 12.0, ':gs-max-fixation': 0.4, ':gs-iconic-span': 4.0, ':gs-acuity-theta': ['color', 0.1, 'orient', 0.2, 'shape', 0.4, 'size', 0.2, 'lum', 0.1], ':gs-acuity-sigma': 0.5, ':gs-w-bu': 0.5, ':gs-w-td': 1.0, ':gs-w-h': 0.3, ':gs-w-v': 0.0, ':gs-w-s': 1.0, ':gs-w-e': 0.02, ':gs-noise': 0.2, ':gs-priming-tau': 10.0, ':gs-qt-init': 1.0, ':gs-qt-step': 0.05, ':gs-error-goal': 0.08, ':gs-feedback-window': 50, ':emma': True, ':saccade-feat-time': 0.05, ':saccade-init-time': 0.05, ':saccade-base-time': 0.02, ':eye-saccade-rate': 0.002, ':visual-encoding-factor': 0.006, ':visual-encoding-exponent': 0.4, ':vis-obj-freq': 0.1, ':visual-attention-latency': 0.085}
ACT-R connection has been started.

aligned seed104:   0%|          | 0/12090 [00:00<?, ?it/s]
aligned seed104:   0%|          | 24/12090 [00:00<00:51, 233.85it/s]
aligned seed104:   0%|          | 57/12090 [00:00<00:42, 284.24it/s]
aligned seed104:   1%|          | 89/12090 [00:00<00:40, 296.58it/s]
aligned seed104:   1%|          | 119/12090 [00:00<00:41, 288.25it/s]
aligned seed104:   1%|1         | 152/12090 [00:00<00:39, 301.66it/s]
aligned seed104:   2%|1         | 183/12090 [00:00<00:39, 300.49it/s]
aligned seed104:   2%|1         | 215/12090 [00:00<00:38, 306.49it/s]
aligned seed104:   2%|2         | 246/12090 [00:00<00:38, 305.64it/s]
aligned seed104:   2%|2         | 278/12090 [00:00<00:38, 309.88it/s]
aligned seed104:   3%|2         | 310/12090 [00:01<00:37, 310.61it/s]
aligned seed104:   3%|2         | 343/12090 [00:01<00:37, 314.49it/s]
aligned seed104:   3%|3         | 376/12090 [00:01<00:36, 316.77it/s]
aligned seed104:   3%|3         | 410/12090 [00:01<00:36, 322.40it/s]
aligned seed104:   4%|3         | 444/12090 [00:01<00:35, 327.63it/s]
aligned seed104:   4%|3         | 477/12090 [00:01<00:35, 323.23it/s]
aligned seed104:   4%|4         | 510/12090 [00:01<00:35, 323.49it/s]
aligned seed104:   4%|4         | 543/12090 [00:01<00:35, 323.58it/s]
aligned seed104:   5%|4         | 576/12090 [00:01<00:35, 322.72it/s]
aligned seed104:   5%|5         | 611/12090 [00:01<00:34, 329.26it/s]
aligned seed104:   5%|5         | 644/12090 [00:02<00:36, 312.13it/s]
aligned seed104:   6%|5         | 677/12090 [00:02<00:36, 313.96it/s]
aligned seed104:   6%|5         | 710/12090 [00:02<00:35, 317.16it/s]
aligned seed104:   6%|6         | 743/12090 [00:02<00:35, 319.51it/s]
aligned seed104:   6%|6         | 777/12090 [00:02<00:35, 322.56it/s]
aligned seed104:   7%|6         | 810/12090 [00:02<00:35, 319.95it/s]
aligned seed104:   7%|6         | 844/12090 [00:02<00:34, 324.19it/s]
aligned seed104:   7%|7         | 877/12090 [00:02<00:35, 318.18it/s]
aligned seed104:   8%|7         | 911/12090 [00:02<00:34, 323.19it/s]
aligned seed104:   8%|7         | 948/12090 [00:02<00:33, 334.21it/s]
aligned seed104:   8%|8         | 982/12090 [00:03<00:33, 330.28it/s]
aligned seed104:   8%|8         | 1016/12090 [00:03<00:34, 322.56it/s]
aligned seed104:   9%|8         | 1049/12090 [00:03<00:34, 322.54it/s]
aligned seed104:   9%|8         | 1083/12090 [00:03<00:33, 323.86it/s]
aligned seed104:   9%|9         | 1117/12090 [00:03<00:33, 327.63it/s]
aligned seed104:  10%|9         | 1150/12090 [00:03<00:34, 319.25it/s]
aligned seed104:  10%|9         | 1182/12090 [00:03<00:34, 314.79it/s]
aligned seed104:  10%|#         | 1217/12090 [00:03<00:33, 323.29it/s]
aligned seed104:  10%|#         | 1251/12090 [00:03<00:33, 325.59it/s]
aligned seed104:  11%|#         | 1284/12090 [00:04<00:33, 319.49it/s]
aligned seed104:  11%|#         | 1317/12090 [00:04<00:33, 321.31it/s]
aligned seed104:  11%|#1        | 1351/12090 [00:04<00:32, 326.26it/s]
aligned seed104:  11%|#1        | 1384/12090 [00:04<00:32, 325.97it/s]
aligned seed104:  12%|#1        | 1417/12090 [00:04<00:33, 315.06it/s]
aligned seed104:  12%|#1        | 1450/12090 [00:04<00:33, 317.88it/s]
aligned seed104:  12%|#2        | 1484/12090 [00:04<00:32, 322.51it/s]
aligned seed104:  13%|#2        | 1518/12090 [00:04<00:32, 325.23it/s]
aligned seed104:  13%|#2        | 1553/12090 [00:04<00:31, 329.97it/s]
aligned seed104:  13%|#3        | 1587/12090 [00:04<00:32, 327.82it/s]
aligned seed104:  13%|#3        | 1620/12090 [00:05<00:32, 324.92it/s]
aligned seed104:  14%|#3        | 1653/12090 [00:05<00:32, 322.99it/s]
aligned seed104:  14%|#3        | 1686/12090 [00:05<00:32, 322.68it/s]
aligned seed104:  14%|#4        | 1720/12090 [00:05<00:31, 326.65it/s]
aligned seed104:  14%|#4        | 1753/12090 [00:05<00:31, 327.40it/s]
aligned seed104:  15%|#4        | 1787/12090 [00:05<00:31, 329.40it/s]
aligned seed104:  15%|#5        | 1820/12090 [00:05<00:31, 324.67it/s]
aligned seed104:  15%|#5        | 1853/12090 [00:05<00:31, 320.88it/s]
aligned seed104:  16%|#5        | 1886/12090 [00:05<00:32, 317.64it/s]
aligned seed104:  16%|#5        | 1918/12090 [00:06<00:35, 286.64it/s]
aligned seed104:  16%|#6        | 1950/12090 [00:06<00:34, 293.19it/s]
aligned seed104:  16%|#6        | 1982/12090 [00:06<00:33, 297.73it/s]
aligned seed104:  17%|#6        | 2013/12090 [00:06<00:34, 295.93it/s]
aligned seed104:  17%|#6        | 2046/12090 [00:06<00:33, 303.28it/s]
aligned seed104:  17%|#7        | 2077/12090 [00:06<00:33, 298.86it/s]
aligned seed104:  17%|#7        | 2108/12090 [00:06<00:33, 299.55it/s]
aligned seed104:  18%|#7        | 2139/12090 [00:06<00:33, 298.97it/s]
aligned seed104:  18%|#7        | 2169/12090 [00:06<00:33, 291.84it/s]
aligned seed104:  18%|#8        | 2199/12090 [00:06<00:34, 290.41it/s]
aligned seed104:  18%|#8        | 2231/12090 [00:07<00:33, 298.24it/s]
aligned seed104:  19%|#8        | 2261/12090 [00:07<00:32, 297.88it/s]
aligned seed104:  19%|#8        | 2291/12090 [00:07<00:32, 298.11it/s]
aligned seed104:  19%|#9        | 2321/12090 [00:07<00:32, 297.48it/s]
aligned seed104:  19%|#9        | 2352/12090 [00:07<00:32, 299.86it/s]
aligned seed104:  20%|#9        | 2383/12090 [00:07<00:32, 296.37it/s]
aligned seed104:  20%|#9        | 2413/12090 [00:07<00:33, 288.91it/s]
aligned seed104:  20%|##        | 2444/12090 [00:07<00:32, 293.63it/s]
aligned seed104:  20%|##        | 2477/12090 [00:07<00:31, 303.13it/s]
aligned seed104:  21%|##        | 2509/12090 [00:08<00:31, 307.67it/s]
aligned seed104:  21%|##1       | 2543/12090 [00:08<00:30, 314.38it/s]
aligned seed104:  21%|##1       | 2576/12090 [00:08<00:29, 318.24it/s]
aligned seed104:  22%|##1       | 2608/12090 [00:08<00:29, 318.25it/s]
aligned seed104:  22%|##1       | 2641/12090 [00:08<00:29, 319.75it/s]
aligned seed104:  22%|##2       | 2674/12090 [00:08<00:29, 321.71it/s]
aligned seed104:  22%|##2       | 2707/12090 [00:08<00:29, 321.82it/s]
aligned seed104:  23%|##2       | 2740/12090 [00:08<00:29, 320.89it/s]
aligned seed104:  23%|##2       | 2774/12090 [00:08<00:28, 322.57it/s]
aligned seed104:  23%|##3       | 2807/12090 [00:08<00:28, 320.50it/s]
aligned seed104:  23%|##3       | 2840/12090 [00:09<00:28, 322.30it/s]
aligned seed104:  24%|##3       | 2873/12090 [00:09<00:28, 322.43it/s]
aligned seed104:  24%|##4       | 2906/12090 [00:09<00:28, 323.14it/s]
aligned seed104:  24%|##4       | 2939/12090 [00:09<00:28, 319.42it/s]
aligned seed104:  25%|##4       | 2971/12090 [00:09<00:29, 313.83it/s]
aligned seed104:  25%|##4       | 3003/12090 [00:09<00:29, 312.94it/s]
aligned seed104:  25%|##5       | 3035/12090 [00:09<00:29, 304.02it/s]
aligned seed104:  25%|##5       | 3066/12090 [00:09<00:30, 298.77it/s]
aligned seed104:  26%|##5       | 3096/12090 [00:09<00:30, 295.69it/s]
aligned seed104:  26%|##5       | 3126/12090 [00:09<00:30, 290.54it/s]
aligned seed104:  26%|##6       | 3156/12090 [00:10<00:31, 286.68it/s]
aligned seed104:  26%|##6       | 3185/12090 [00:10<00:31, 283.35it/s]
aligned seed104:  27%|##6       | 3214/12090 [00:10<00:31, 279.60it/s]
aligned seed104:  27%|##6       | 3242/12090 [00:10<00:32, 276.23it/s]
aligned seed104:  27%|##7       | 3272/12090 [00:10<00:31, 279.77it/s]
aligned seed104:  27%|##7       | 3301/12090 [00:10<00:31, 280.84it/s]
aligned seed104:  28%|##7       | 3331/12090 [00:10<00:30, 285.50it/s]
aligned seed104:  28%|##7       | 3360/12090 [00:10<00:30, 282.23it/s]
aligned seed104:  28%|##8       | 3389/12090 [00:10<00:30, 282.65it/s]
aligned seed104:  28%|##8       | 3418/12090 [00:11<00:30, 283.51it/s]
aligned seed104:  29%|##8       | 3448/12090 [00:11<00:30, 287.35it/s]
aligned seed104:  29%|##8       | 3477/12090 [00:11<00:30, 279.67it/s]
aligned seed104:  29%|##8       | 3506/12090 [00:11<00:30, 281.75it/s]
aligned seed104:  29%|##9       | 3535/12090 [00:11<00:30, 279.66it/s]
aligned seed104:  29%|##9       | 3563/12090 [00:11<00:30, 279.36it/s]
aligned seed104:  30%|##9       | 3591/12090 [00:11<00:30, 277.19it/s]
aligned seed104:  30%|##9       | 3620/12090 [00:11<00:30, 278.58it/s]
aligned seed104:  30%|###       | 3648/12090 [00:11<00:30, 272.74it/s]
aligned seed104:  30%|###       | 3676/12090 [00:11<00:30, 272.93it/s]
aligned seed104:  31%|###       | 3704/12090 [00:12<00:30, 273.59it/s]
aligned seed104:  31%|###       | 3732/12090 [00:12<00:30, 273.36it/s]
aligned seed104:  31%|###1      | 3760/12090 [00:12<00:34, 244.30it/s]
aligned seed104:  31%|###1      | 3789/12090 [00:12<00:32, 255.91it/s]
aligned seed104:  32%|###1      | 3816/12090 [00:12<00:32, 257.12it/s]
aligned seed104:  32%|###1      | 3845/12090 [00:12<00:31, 265.01it/s]
aligned seed104:  32%|###2      | 3875/12090 [00:12<00:29, 274.10it/s]
aligned seed104:  32%|###2      | 3904/12090 [00:12<00:29, 276.96it/s]
aligned seed104:  33%|###2      | 3933/12090 [00:12<00:29, 280.26it/s]
aligned seed104:  33%|###2      | 3962/12090 [00:13<00:29, 279.53it/s]
aligned seed104:  33%|###3      | 3991/12090 [00:13<00:28, 279.35it/s]
aligned seed104:  33%|###3      | 4019/12090 [00:13<00:29, 270.00it/s]
aligned seed104:  33%|###3      | 4047/12090 [00:13<00:33, 236.80it/s]
aligned seed104:  34%|###3      | 4072/12090 [00:13<00:33, 238.15it/s]
aligned seed104:  34%|###3      | 4097/12090 [00:13<00:33, 240.74it/s]
aligned seed104:  34%|###4      | 4123/12090 [00:13<00:32, 245.37it/s]
aligned seed104:  34%|###4      | 4151/12090 [00:13<00:31, 253.07it/s]
aligned seed104:  35%|###4      | 4178/12090 [00:13<00:30, 256.06it/s]
aligned seed104:  35%|###4      | 4204/12090 [00:14<00:30, 257.10it/s]
aligned seed104:  35%|###4      | 4231/12090 [00:14<00:30, 259.16it/s]
aligned seed104:  35%|###5      | 4259/12090 [00:14<00:29, 261.76it/s]
aligned seed104:  35%|###5      | 4286/12090 [00:14<00:30, 259.02it/s]
aligned seed104:  36%|###5      | 4312/12090 [00:14<00:30, 258.49it/s]
aligned seed104:  36%|###5      | 4338/12090 [00:14<00:30, 258.07it/s]
aligned seed104:  36%|###6      | 4364/12090 [00:14<00:30, 254.79it/s]
aligned seed104:  36%|###6      | 4390/12090 [00:14<00:30, 253.98it/s]
aligned seed104:  37%|###6      | 4416/12090 [00:14<00:30, 254.60it/s]
aligned seed104:  37%|###6      | 4442/12090 [00:14<00:30, 248.77it/s]
aligned seed104:  37%|###6      | 4468/12090 [00:15<00:30, 250.75it/s]
aligned seed104:  37%|###7      | 4494/12090 [00:15<00:30, 248.96it/s]
aligned seed104:  37%|###7      | 4521/12090 [00:15<00:29, 253.82it/s]
aligned seed104:  38%|###7      | 4547/12090 [00:15<00:29, 255.50it/s]
aligned seed104:  38%|###7      | 4573/12090 [00:15<00:31, 236.15it/s]
aligned seed104:  38%|###8      | 4598/12090 [00:15<00:31, 239.04it/s]
aligned seed104:  38%|###8      | 4623/12090 [00:15<00:30, 240.89it/s]
aligned seed104:  38%|###8      | 4649/12090 [00:15<00:30, 245.71it/s]
aligned seed104:  39%|###8      | 4675/12090 [00:15<00:29, 248.19it/s]
aligned seed104:  39%|###8      | 4703/12090 [00:15<00:28, 256.56it/s]
aligned seed104:  39%|###9      | 4729/12090 [00:16<00:28, 256.20it/s]
aligned seed104:  39%|###9      | 4757/12090 [00:16<00:28, 260.92it/s]
aligned seed104:  40%|###9      | 4784/12090 [00:16<00:29, 251.15it/s]
aligned seed104:  40%|###9      | 4813/12090 [00:16<00:27, 261.92it/s]
aligned seed104:  40%|####      | 4840/12090 [00:16<00:28, 258.66it/s]
aligned seed104:  40%|####      | 4870/12090 [00:16<00:26, 268.63it/s]
aligned seed104:  41%|####      | 4900/12090 [00:16<00:26, 276.07it/s]
aligned seed104:  41%|####      | 4928/12090 [00:16<00:25, 276.24it/s]
aligned seed104:  41%|####      | 4956/12090 [00:16<00:25, 275.94it/s]
aligned seed104:  41%|####1     | 4984/12090 [00:17<00:26, 267.45it/s]
aligned seed104:  41%|####1     | 5011/12090 [00:17<00:26, 268.17it/s]
aligned seed104:  42%|####1     | 5041/12090 [00:17<00:25, 275.00it/s]
aligned seed104:  42%|####1     | 5069/12090 [00:17<00:25, 275.93it/s]
aligned seed104:  42%|####2     | 5097/12090 [00:17<00:25, 277.08it/s]
aligned seed104:  42%|####2     | 5125/12090 [00:17<00:26, 267.39it/s]
aligned seed104:  43%|####2     | 5154/12090 [00:17<00:25, 271.86it/s]
aligned seed104:  43%|####2     | 5184/12090 [00:17<00:24, 278.77it/s]
aligned seed104:  43%|####3     | 5214/12090 [00:17<00:24, 283.86it/s]
aligned seed104:  43%|####3     | 5243/12090 [00:17<00:24, 277.84it/s]
aligned seed104:  44%|####3     | 5272/12090 [00:18<00:24, 281.35it/s]
aligned seed104:  44%|####3     | 5303/12090 [00:18<00:23, 288.25it/s]
aligned seed104:  44%|####4     | 5332/12090 [00:18<00:23, 288.27it/s]
aligned seed104:  44%|####4     | 5361/12090 [00:18<00:23, 283.94it/s]
aligned seed104:  45%|####4     | 5390/12090 [00:18<00:24, 278.45it/s]
aligned seed104:  45%|####4     | 5418/12090 [00:18<00:23, 278.37it/s]
aligned seed104:  45%|####5     | 5448/12090 [00:18<00:23, 283.66it/s]
aligned seed104:  45%|####5     | 5477/12090 [00:18<00:23, 284.99it/s]
aligned seed104:  46%|####5     | 5506/12090 [00:18<00:23, 286.21it/s]
aligned seed104:  46%|####5     | 5536/12090 [00:18<00:22, 288.70it/s]
aligned seed104:  46%|####6     | 5566/12090 [00:19<00:22, 291.17it/s]
aligned seed104:  46%|####6     | 5597/12090 [00:19<00:21, 295.79it/s]
aligned seed104:  47%|####6     | 5627/12090 [00:19<00:21, 294.06it/s]
aligned seed104:  47%|####6     | 5657/12090 [00:19<00:22, 280.96it/s]
aligned seed104:  47%|####7     | 5686/12090 [00:19<00:22, 283.35it/s]
aligned seed104:  47%|####7     | 5715/12090 [00:19<00:22, 280.44it/s]
aligned seed104:  48%|####7     | 5745/12090 [00:19<00:22, 284.01it/s]
aligned seed104:  48%|####7     | 5775/12090 [00:19<00:21, 288.59it/s]
aligned seed104:  48%|####8     | 5805/12090 [00:19<00:21, 290.12it/s]
aligned seed104:  48%|####8     | 5838/12090 [00:20<00:20, 300.07it/s]
aligned seed104:  49%|####8     | 5870/12090 [00:20<00:20, 304.63it/s]
aligned seed104:  49%|####8     | 5901/12090 [00:20<00:21, 292.55it/s]
aligned seed104:  49%|####9     | 5931/12090 [00:20<00:21, 289.68it/s]
aligned seed104:  49%|####9     | 5961/12090 [00:20<00:21, 291.71it/s]
aligned seed104:  50%|####9     | 5991/12090 [00:20<00:21, 285.64it/s]
aligned seed104:  50%|####9     | 6023/12090 [00:20<00:20, 294.31it/s]
aligned seed104:  50%|#####     | 6055/12090 [00:20<00:20, 301.34it/s]
aligned seed104:  50%|#####     | 6086/12090 [00:20<00:20, 297.98it/s]
aligned seed104:  51%|#####     | 6117/12090 [00:20<00:19, 299.98it/s]
aligned seed104:  51%|#####     | 6148/12090 [00:21<00:19, 300.80it/s]
aligned seed104:  51%|#####1    | 6181/12090 [00:21<00:19, 305.82it/s]
aligned seed104:  51%|#####1    | 6213/12090 [00:21<00:19, 308.02it/s]
aligned seed104:  52%|#####1    | 6244/12090 [00:21<00:18, 307.80it/s]
aligned seed104:  52%|#####1    | 6275/12090 [00:21<00:18, 308.33it/s]
aligned seed104:  52%|#####2    | 6306/12090 [00:21<00:19, 298.52it/s]
aligned seed104:  52%|#####2    | 6337/12090 [00:21<00:19, 299.11it/s]
aligned seed104:  53%|#####2    | 6367/12090 [00:21<00:19, 290.88it/s]
aligned seed104:  53%|#####2    | 6397/12090 [00:21<00:19, 292.88it/s]
aligned seed104:  53%|#####3    | 6429/12090 [00:22<00:18, 299.53it/s]
aligned seed104:  53%|#####3    | 6461/12090 [00:22<00:18, 303.24it/s]
aligned seed104:  54%|#####3    | 6493/12090 [00:22<00:18, 305.36it/s]
aligned seed104:  54%|#####3    | 6524/12090 [00:22<00:18, 306.54it/s]
aligned seed104:  54%|#####4    | 6559/12090 [00:22<00:17, 317.26it/s]
aligned seed104:  55%|#####4    | 6593/12090 [00:22<00:17, 320.79it/s]
aligned seed104:  55%|#####4    | 6626/12090 [00:22<00:17, 318.22it/s]
aligned seed104:  55%|#####5    | 6658/12090 [00:22<00:17, 315.33it/s]
aligned seed104:  55%|#####5    | 6691/12090 [00:22<00:16, 319.47it/s]
aligned seed104:  56%|#####5    | 6724/12090 [00:22<00:16, 320.70it/s]
aligned seed104:  56%|#####5    | 6760/12090 [00:23<00:16, 330.37it/s]
aligned seed104:  56%|#####6    | 6794/12090 [00:23<00:16, 325.71it/s]
aligned seed104:  56%|#####6    | 6827/12090 [00:23<00:16, 325.15it/s]
aligned seed104:  57%|#####6    | 6861/12090 [00:23<00:15, 327.13it/s]
aligned seed104:  57%|#####7    | 6894/12090 [00:23<00:16, 323.17it/s]
aligned seed104:  57%|#####7    | 6927/12090 [00:23<00:16, 321.40it/s]
aligned seed104:  58%|#####7    | 6960/12090 [00:23<00:16, 311.07it/s]
aligned seed104:  58%|#####7    | 6992/12090 [00:23<00:16, 303.96it/s]
aligned seed104:  58%|#####8    | 7023/12090 [00:23<00:16, 301.13it/s]
aligned seed104:  58%|#####8    | 7054/12090 [00:24<00:17, 290.26it/s]
aligned seed104:  59%|#####8    | 7086/12090 [00:24<00:16, 297.58it/s]
aligned seed104:  59%|#####8    | 7118/12090 [00:24<00:16, 302.44it/s]
aligned seed104:  59%|#####9    | 7149/12090 [00:24<00:16, 303.51it/s]
aligned seed104:  59%|#####9    | 7180/12090 [00:24<00:16, 297.93it/s]
aligned seed104:  60%|#####9    | 7211/12090 [00:24<00:16, 300.43it/s]
aligned seed104:  60%|#####9    | 7242/12090 [00:24<00:16, 297.04it/s]
aligned seed104:  60%|######    | 7272/12090 [00:24<00:16, 295.50it/s]
aligned seed104:  60%|######    | 7302/12090 [00:24<00:16, 289.33it/s]
aligned seed104:  61%|######    | 7333/12090 [00:24<00:16, 292.96it/s]
aligned seed104:  61%|######    | 7364/12090 [00:25<00:15, 295.66it/s]
aligned seed104:  61%|######1   | 7394/12090 [00:25<00:16, 285.99it/s]
aligned seed104:  61%|######1   | 7426/12090 [00:25<00:15, 293.30it/s]
aligned seed104:  62%|######1   | 7456/12090 [00:25<00:15, 294.41it/s]
aligned seed104:  62%|######1   | 7486/12090 [00:25<00:15, 291.61it/s]
aligned seed104:  62%|######2   | 7516/12090 [00:25<00:15, 291.72it/s]
aligned seed104:  62%|######2   | 7547/12090 [00:25<00:15, 295.30it/s]
aligned seed104:  63%|######2   | 7579/12090 [00:25<00:15, 299.31it/s]
aligned seed104:  63%|######2   | 7610/12090 [00:25<00:14, 301.69it/s]
aligned seed104:  63%|######3   | 7643/12090 [00:25<00:14, 309.55it/s]
aligned seed104:  63%|######3   | 7675/12090 [00:26<00:14, 309.67it/s]
aligned seed104:  64%|######3   | 7706/12090 [00:26<00:14, 303.90it/s]
aligned seed104:  64%|######3   | 7737/12090 [00:26<00:14, 303.47it/s]
aligned seed104:  64%|######4   | 7771/12090 [00:26<00:13, 312.39it/s]
aligned seed104:  65%|######4   | 7803/12090 [00:26<00:13, 310.96it/s]
aligned seed104:  65%|######4   | 7835/12090 [00:26<00:13, 305.96it/s]
aligned seed104:  65%|######5   | 7866/12090 [00:26<00:13, 305.89it/s]
aligned seed104:  65%|######5   | 7897/12090 [00:26<00:13, 304.52it/s]
aligned seed104:  66%|######5   | 7929/12090 [00:26<00:13, 307.44it/s]
aligned seed104:  66%|######5   | 7960/12090 [00:27<00:13, 307.68it/s]
aligned seed104:  66%|######6   | 7991/12090 [00:27<00:13, 300.66it/s]
aligned seed104:  66%|######6   | 8023/12090 [00:27<00:13, 304.40it/s]
aligned seed104:  67%|######6   | 8054/12090 [00:27<00:13, 301.33it/s]
aligned seed104:  67%|######6   | 8085/12090 [00:27<00:14, 283.70it/s]
aligned seed104:  67%|######7   | 8114/12090 [00:27<00:13, 284.25it/s]
aligned seed104:  67%|######7   | 8143/12090 [00:27<00:14, 276.32it/s]
aligned seed104:  68%|######7   | 8171/12090 [00:27<00:14, 265.06it/s]
aligned seed104:  68%|######7   | 8198/12090 [00:27<00:14, 264.63it/s]
aligned seed104:  68%|######8   | 8227/12090 [00:27<00:14, 271.64it/s]
aligned seed104:  68%|######8   | 8255/12090 [00:28<00:14, 273.00it/s]
aligned seed104:  69%|######8   | 8285/12090 [00:28<00:13, 279.65it/s]
aligned seed104:  69%|######8   | 8314/12090 [00:28<00:14, 264.68it/s]
aligned seed104:  69%|######8   | 8341/12090 [00:28<00:14, 261.04it/s]
aligned seed104:  69%|######9   | 8368/12090 [00:28<00:14, 254.07it/s]
aligned seed104:  69%|######9   | 8394/12090 [00:28<00:14, 253.36it/s]
aligned seed104:  70%|######9   | 8420/12090 [00:28<00:15, 243.60it/s]
aligned seed104:  70%|######9   | 8445/12090 [00:28<00:15, 240.22it/s]
aligned seed104:  70%|#######   | 8470/12090 [00:28<00:14, 242.45it/s]
aligned seed104:  70%|#######   | 8495/12090 [00:29<00:15, 236.76it/s]
aligned seed104:  70%|#######   | 8521/12090 [00:29<00:14, 240.13it/s]
aligned seed104:  71%|#######   | 8547/12090 [00:29<00:14, 244.76it/s]
aligned seed104:  71%|#######   | 8574/12090 [00:29<00:14, 249.91it/s]
aligned seed104:  71%|#######1  | 8600/12090 [00:29<00:14, 241.69it/s]
aligned seed104:  71%|#######1  | 8625/12090 [00:29<00:14, 243.76it/s]
aligned seed104:  72%|#######1  | 8650/12090 [00:29<00:14, 240.61it/s]
aligned seed104:  72%|#######1  | 8676/12090 [00:29<00:13, 245.54it/s]
aligned seed104:  72%|#######1  | 8701/12090 [00:29<00:14, 235.72it/s]
aligned seed104:  72%|#######2  | 8728/12090 [00:30<00:13, 245.18it/s]
aligned seed104:  72%|#######2  | 8754/12090 [00:30<00:13, 248.51it/s]
aligned seed104:  73%|#######2  | 8782/12090 [00:30<00:12, 257.52it/s]
aligned seed104:  73%|#######2  | 8808/12090 [00:30<00:12, 256.54it/s]
aligned seed104:  73%|#######3  | 8834/12090 [00:30<00:12, 256.40it/s]
aligned seed104:  73%|#######3  | 8860/12090 [00:30<00:12, 256.97it/s]
aligned seed104:  74%|#######3  | 8887/12090 [00:30<00:12, 259.44it/s]
aligned seed104:  74%|#######3  | 8913/12090 [00:30<00:12, 258.15it/s]
aligned seed104:  74%|#######3  | 8939/12090 [00:30<00:12, 246.95it/s]
aligned seed104:  74%|#######4  | 8964/12090 [00:30<00:12, 243.84it/s]
aligned seed104:  74%|#######4  | 8991/12090 [00:31<00:12, 249.54it/s]
aligned seed104:  75%|#######4  | 9017/12090 [00:31<00:12, 249.74it/s]
aligned seed104:  75%|#######4  | 9043/12090 [00:31<00:12, 248.39it/s]
aligned seed104:  75%|#######5  | 9068/12090 [00:31<00:12, 244.84it/s]
aligned seed104:  75%|#######5  | 9096/12090 [00:31<00:11, 254.88it/s]
aligned seed104:  75%|#######5  | 9122/12090 [00:31<00:11, 254.77it/s]
aligned seed104:  76%|#######5  | 9154/12090 [00:31<00:10, 271.66it/s]
aligned seed104:  76%|#######5  | 9182/12090 [00:31<00:10, 265.26it/s]
aligned seed104:  76%|#######6  | 9210/12090 [00:31<00:10, 269.09it/s]
aligned seed104:  76%|#######6  | 9237/12090 [00:32<00:11, 258.21it/s]
aligned seed104:  77%|#######6  | 9263/12090 [00:32<00:16, 172.48it/s]
aligned seed104:  77%|#######6  | 9285/12090 [00:32<00:15, 181.45it/s]
aligned seed104:  77%|#######6  | 9307/12090 [00:32<00:14, 186.53it/s]
aligned seed104:  77%|#######7  | 9329/12090 [00:32<00:14, 193.42it/s]
aligned seed104:  77%|#######7  | 9350/12090 [00:32<00:14, 188.78it/s]
aligned seed104:  78%|#######7  | 9371/12090 [00:32<00:14, 189.10it/s]
aligned seed104:  78%|#######7  | 9396/12090 [00:32<00:13, 205.27it/s]
aligned seed104:  78%|#######7  | 9422/12090 [00:33<00:12, 219.10it/s]
aligned seed104:  78%|#######8  | 9447/12090 [00:33<00:11, 226.54it/s]
aligned seed104:  78%|#######8  | 9477/12090 [00:33<00:10, 244.80it/s]
aligned seed104:  79%|#######8  | 9505/12090 [00:33<00:10, 254.30it/s]
aligned seed104:  79%|#######8  | 9531/12090 [00:33<00:10, 248.13it/s]
aligned seed104:  79%|#######9  | 9557/12090 [00:33<00:10, 241.86it/s]
aligned seed104:  79%|#######9  | 9585/12090 [00:33<00:09, 251.73it/s]
aligned seed104:  79%|#######9  | 9611/12090 [00:33<00:09, 253.26it/s]
aligned seed104:  80%|#######9  | 9637/12090 [00:33<00:09, 249.22it/s]
aligned seed104:  80%|#######9  | 9663/12090 [00:33<00:09, 249.14it/s]
aligned seed104:  80%|########  | 9689/12090 [00:34<00:09, 249.85it/s]
aligned seed104:  80%|########  | 9716/12090 [00:34<00:09, 252.16it/s]
aligned seed104:  81%|########  | 9742/12090 [00:34<00:09, 244.78it/s]
aligned seed104:  81%|########  | 9767/12090 [00:34<00:09, 239.27it/s]
aligned seed104:  81%|########  | 9791/12090 [00:34<00:09, 234.13it/s]
aligned seed104:  81%|########1 | 9815/12090 [00:34<00:09, 234.23it/s]
aligned seed104:  81%|########1 | 9839/12090 [00:34<00:10, 221.11it/s]
aligned seed104:  82%|########1 | 9862/12090 [00:34<00:10, 220.32it/s]
aligned seed104:  82%|########1 | 9885/12090 [00:34<00:09, 222.04it/s]
aligned seed104:  82%|########1 | 9909/12090 [00:35<00:09, 226.84it/s]
aligned seed104:  82%|########2 | 9932/12090 [00:35<00:09, 220.87it/s]
aligned seed104:  82%|########2 | 9955/12090 [00:35<00:09, 223.11it/s]
aligned seed104:  83%|########2 | 9978/12090 [00:35<00:09, 224.73it/s]
aligned seed104:  83%|########2 | 10001/12090 [00:35<00:09, 216.86it/s]
aligned seed104:  83%|########2 | 10025/12090 [00:35<00:09, 223.05it/s]
aligned seed104:  83%|########3 | 10052/12090 [00:35<00:08, 235.43it/s]
aligned seed104:  83%|########3 | 10076/12090 [00:35<00:08, 234.46it/s]
aligned seed104:  84%|########3 | 10100/12090 [00:35<00:08, 231.90it/s]
aligned seed104:  84%|########3 | 10124/12090 [00:35<00:08, 227.26it/s]
aligned seed104:  84%|########3 | 10147/12090 [00:36<00:08, 227.39it/s]
aligned seed104:  84%|########4 | 10170/12090 [00:36<00:08, 221.45it/s]
aligned seed104:  84%|########4 | 10197/12090 [00:36<00:08, 234.86it/s]
aligned seed104:  85%|########4 | 10221/12090 [00:36<00:07, 235.36it/s]
aligned seed104:  85%|########4 | 10245/12090 [00:36<00:07, 232.69it/s]
aligned seed104:  85%|########4 | 10270/12090 [00:36<00:07, 237.32it/s]
aligned seed104:  85%|########5 | 10294/12090 [00:36<00:07, 230.55it/s]
aligned seed104:  85%|########5 | 10318/12090 [00:36<00:07, 227.35it/s]
aligned seed104:  86%|########5 | 10342/12090 [00:36<00:07, 230.23it/s]
aligned seed104:  86%|########5 | 10366/12090 [00:37<00:07, 230.41it/s]
aligned seed104:  86%|########5 | 10390/12090 [00:37<00:07, 229.61it/s]
aligned seed104:  86%|########6 | 10413/12090 [00:37<00:07, 229.72it/s]
aligned seed104:  86%|########6 | 10437/12090 [00:37<00:07, 231.13it/s]
aligned seed104:  87%|########6 | 10461/12090 [00:37<00:07, 227.58it/s]
aligned seed104:  87%|########6 | 10484/12090 [00:37<00:07, 219.57it/s]
aligned seed104:  87%|########6 | 10508/12090 [00:37<00:07, 221.67it/s]
aligned seed104:  87%|########7 | 10531/12090 [00:37<00:06, 223.41it/s]
aligned seed104:  87%|########7 | 10555/12090 [00:37<00:06, 227.09it/s]
aligned seed104:  87%|########7 | 10578/12090 [00:37<00:06, 223.85it/s]
aligned seed104:  88%|########7 | 10601/12090 [00:38<00:06, 222.57it/s]
aligned seed104:  88%|########7 | 10624/12090 [00:38<00:06, 222.80it/s]
aligned seed104:  88%|########8 | 10648/12090 [00:38<00:06, 226.81it/s]
aligned seed104:  88%|########8 | 10672/12090 [00:38<00:06, 228.03it/s]
aligned seed104:  88%|########8 | 10695/12090 [00:38<00:06, 227.25it/s]
aligned seed104:  89%|########8 | 10718/12090 [00:38<00:06, 227.49it/s]
aligned seed104:  89%|########8 | 10741/12090 [00:38<00:05, 227.75it/s]
aligned seed104:  89%|########9 | 10766/12090 [00:38<00:05, 232.67it/s]
aligned seed104:  89%|########9 | 10790/12090 [00:38<00:05, 230.95it/s]
aligned seed104:  89%|########9 | 10814/12090 [00:39<00:05, 232.88it/s]
aligned seed104:  90%|########9 | 10839/12090 [00:39<00:05, 235.27it/s]
aligned seed104:  90%|########9 | 10863/12090 [00:39<00:05, 229.80it/s]
aligned seed104:  90%|######### | 10889/12090 [00:39<00:05, 236.02it/s]
aligned seed104:  90%|######### | 10913/12090 [00:39<00:05, 226.92it/s]
aligned seed104:  90%|######### | 10936/12090 [00:39<00:05, 225.94it/s]
aligned seed104:  91%|######### | 10959/12090 [00:39<00:05, 212.16it/s]
aligned seed104:  91%|######### | 10981/12090 [00:39<00:05, 208.10it/s]
aligned seed104:  91%|#########1| 11003/12090 [00:39<00:05, 210.94it/s]
aligned seed104:  91%|#########1| 11025/12090 [00:39<00:05, 212.80it/s]
aligned seed104:  91%|#########1| 11050/12090 [00:40<00:04, 221.53it/s]
aligned seed104:  92%|#########1| 11073/12090 [00:40<00:04, 217.04it/s]
aligned seed104:  92%|#########1| 11095/12090 [00:40<00:04, 208.54it/s]
aligned seed104:  92%|#########1| 11118/12090 [00:40<00:04, 212.02it/s]
aligned seed104:  92%|#########2| 11143/12090 [00:40<00:04, 218.72it/s]
aligned seed104:  92%|#########2| 11166/12090 [00:40<00:04, 220.89it/s]
aligned seed104:  93%|#########2| 11189/12090 [00:40<00:04, 221.74it/s]
aligned seed104:  93%|#########2| 11213/12090 [00:40<00:03, 225.61it/s]
aligned seed104:  93%|#########2| 11236/12090 [00:40<00:03, 224.06it/s]
aligned seed104:  93%|#########3| 11259/12090 [00:41<00:03, 224.63it/s]
aligned seed104:  93%|#########3| 11282/12090 [00:41<00:03, 222.43it/s]
aligned seed104:  94%|#########3| 11305/12090 [00:41<00:03, 222.79it/s]
aligned seed104:  94%|#########3| 11330/12090 [00:41<00:03, 229.99it/s]
aligned seed104:  94%|#########3| 11354/12090 [00:41<00:03, 229.33it/s]
aligned seed104:  94%|#########4| 11377/12090 [00:41<00:03, 227.16it/s]
aligned seed104:  94%|#########4| 11403/12090 [00:41<00:02, 236.75it/s]
aligned seed104:  95%|#########4| 11429/12090 [00:41<00:02, 243.47it/s]
aligned seed104:  95%|#########4| 11454/12090 [00:41<00:02, 236.22it/s]
aligned seed104:  95%|#########4| 11480/12090 [00:41<00:02, 242.63it/s]
aligned seed104:  95%|#########5| 11510/12090 [00:42<00:02, 258.01it/s]
aligned seed104:  95%|#########5| 11537/12090 [00:42<00:02, 260.03it/s]
aligned seed104:  96%|#########5| 11564/12090 [00:42<00:02, 245.48it/s]
aligned seed104:  96%|#########5| 11590/12090 [00:42<00:02, 246.63it/s]
aligned seed104:  96%|#########6| 11617/12090 [00:42<00:01, 251.57it/s]
aligned seed104:  96%|#########6| 11643/12090 [00:42<00:01, 247.96it/s]
aligned seed104:  97%|#########6| 11668/12090 [00:42<00:01, 245.09it/s]
aligned seed104:  97%|#########6| 11693/12090 [00:42<00:01, 244.78it/s]
aligned seed104:  97%|#########6| 11718/12090 [00:42<00:01, 238.85it/s]
aligned seed104:  97%|#########7| 11742/12090 [00:43<00:01, 238.42it/s]
aligned seed104:  97%|#########7| 11766/12090 [00:43<00:01, 236.10it/s]
aligned seed104:  98%|#########7| 11790/12090 [00:43<00:01, 227.59it/s]
aligned seed104:  98%|#########7| 11813/12090 [00:43<00:01, 226.06it/s]
aligned seed104:  98%|#########7| 11836/12090 [00:43<00:01, 222.84it/s]
aligned seed104:  98%|#########8| 11861/12090 [00:43<00:01, 227.85it/s]
aligned seed104:  98%|#########8| 11888/12090 [00:43<00:00, 236.43it/s]
aligned seed104:  99%|#########8| 11912/12090 [00:43<00:00, 234.57it/s]
aligned seed104:  99%|#########8| 11937/12090 [00:43<00:00, 236.44it/s]
aligned seed104:  99%|#########8| 11961/12090 [00:43<00:00, 237.44it/s]
aligned seed104:  99%|#########9| 11985/12090 [00:44<00:00, 237.55it/s]
aligned seed104:  99%|#########9| 12009/12090 [00:44<00:00, 231.46it/s]
aligned seed104: 100%|#########9| 12034/12090 [00:44<00:00, 236.37it/s]
aligned seed104: 100%|#########9| 12059/12090 [00:44<00:00, 238.60it/s]
aligned seed104: 100%|#########9| 12085/12090 [00:44<00:00, 243.62it/s]
aligned seed104: 100%|##########| 12090/12090 [00:44<00:00, 271.55it/s]
seed 104: 12090 trials, 12090 responded -> aligned_seed104_trials.csv, aligned_seed104_fixations.csv

aligned seed105:   0%|          | 0/12090 [00:00<?, ?it/s]
aligned seed105:   0%|          | 35/12090 [00:00<00:35, 344.07it/s]
aligned seed105:   1%|          | 71/12090 [00:00<00:34, 352.30it/s]
aligned seed105:   1%|          | 107/12090 [00:00<00:34, 351.04it/s]
aligned seed105:   1%|1         | 143/12090 [00:00<00:33, 351.77it/s]
aligned seed105:   1%|1         | 179/12090 [00:00<00:34, 344.16it/s]
aligned seed105:   2%|1         | 214/12090 [00:00<00:34, 342.30it/s]
aligned seed105:   2%|2         | 249/12090 [00:00<00:35, 335.40it/s]
aligned seed105:   2%|2         | 285/12090 [00:00<00:34, 342.14it/s]
aligned seed105:   3%|2         | 321/12090 [00:00<00:34, 344.48it/s]
aligned seed105:   3%|2         | 356/12090 [00:01<00:34, 343.23it/s]
aligned seed105:   3%|3         | 391/12090 [00:01<00:34, 342.86it/s]
aligned seed105:   4%|3         | 426/12090 [00:01<00:35, 332.24it/s]
aligned seed105:   4%|3         | 460/12090 [00:01<00:35, 325.27it/s]
aligned seed105:   4%|4         | 493/12090 [00:01<00:36, 320.51it/s]
aligned seed105:   4%|4         | 527/12090 [00:01<00:35, 325.50it/s]
aligned seed105:   5%|4         | 561/12090 [00:01<00:35, 328.85it/s]
aligned seed105:   5%|4         | 594/12090 [00:01<00:34, 328.77it/s]
aligned seed105:   5%|5         | 628/12090 [00:01<00:34, 331.57it/s]
aligned seed105:   5%|5         | 662/12090 [00:01<00:34, 330.85it/s]
aligned seed105:   6%|5         | 696/12090 [00:02<00:34, 326.51it/s]
aligned seed105:   6%|6         | 730/12090 [00:02<00:34, 329.59it/s]
aligned seed105:   6%|6         | 763/12090 [00:02<00:38, 292.08it/s]
aligned seed105:   7%|6         | 796/12090 [00:02<00:37, 301.53it/s]
aligned seed105:   7%|6         | 829/12090 [00:02<00:36, 308.68it/s]
aligned seed105:   7%|7         | 863/12090 [00:02<00:35, 314.93it/s]
aligned seed105:   7%|7         | 897/12090 [00:02<00:34, 320.08it/s]
aligned seed105:   8%|7         | 930/12090 [00:02<00:35, 317.57it/s]
aligned seed105:   8%|7         | 964/12090 [00:02<00:34, 323.62it/s]
aligned seed105:   8%|8         | 997/12090 [00:03<00:34, 322.13it/s]
aligned seed105:   9%|8         | 1030/12090 [00:03<00:34, 319.80it/s]
aligned seed105:   9%|8         | 1063/12090 [00:03<00:34, 315.28it/s]
aligned seed105:   9%|9         | 1096/12090 [00:03<00:34, 316.94it/s]
aligned seed105:   9%|9         | 1128/12090 [00:03<00:34, 313.43it/s]
aligned seed105:  10%|9         | 1160/12090 [00:03<00:35, 312.11it/s]
aligned seed105:  10%|9         | 1192/12090 [00:03<00:34, 313.67it/s]
aligned seed105:  10%|#         | 1224/12090 [00:03<00:35, 307.33it/s]
aligned seed105:  10%|#         | 1255/12090 [00:03<00:35, 301.31it/s]
aligned seed105:  11%|#         | 1286/12090 [00:03<00:35, 302.66it/s]
aligned seed105:  11%|#         | 1320/12090 [00:04<00:34, 311.50it/s]
aligned seed105:  11%|#1        | 1354/12090 [00:04<00:33, 319.05it/s]
aligned seed105:  11%|#1        | 1388/12090 [00:04<00:33, 323.27it/s]
aligned seed105:  12%|#1        | 1421/12090 [00:04<00:33, 313.98it/s]
aligned seed105:  12%|#2        | 1453/12090 [00:04<00:33, 314.18it/s]
aligned seed105:  12%|#2        | 1491/12090 [00:04<00:31, 332.55it/s]
aligned seed105:  13%|#2        | 1525/12090 [00:04<00:32, 324.19it/s]
aligned seed105:  13%|#2        | 1558/12090 [00:04<00:33, 312.45it/s]
aligned seed105:  13%|#3        | 1590/12090 [00:04<00:34, 308.52it/s]
aligned seed105:  13%|#3        | 1621/12090 [00:05<00:34, 303.99it/s]
aligned seed105:  14%|#3        | 1653/12090 [00:05<00:34, 305.29it/s]
aligned seed105:  14%|#3        | 1684/12090 [00:05<00:34, 303.38it/s]
aligned seed105:  14%|#4        | 1715/12090 [00:05<00:34, 299.99it/s]
aligned seed105:  14%|#4        | 1746/12090 [00:05<00:34, 296.64it/s]
aligned seed105:  15%|#4        | 1776/12090 [00:05<00:34, 295.06it/s]
aligned seed105:  15%|#4        | 1806/12090 [00:05<00:38, 265.83it/s]
aligned seed105:  15%|#5        | 1834/12090 [00:05<00:38, 264.29it/s]
aligned seed105:  15%|#5        | 1861/12090 [00:05<00:38, 263.79it/s]
aligned seed105:  16%|#5        | 1889/12090 [00:06<00:38, 267.98it/s]
aligned seed105:  16%|#5        | 1916/12090 [00:06<00:38, 265.14it/s]
aligned seed105:  16%|#6        | 1944/12090 [00:06<00:37, 267.16it/s]
aligned seed105:  16%|#6        | 1973/12090 [00:06<00:37, 271.83it/s]
aligned seed105:  17%|#6        | 2001/12090 [00:06<00:36, 273.72it/s]
aligned seed105:  17%|#6        | 2029/12090 [00:06<00:36, 274.56it/s]
aligned seed105:  17%|#7        | 2059/12090 [00:06<00:35, 280.31it/s]
aligned seed105:  17%|#7        | 2088/12090 [00:06<00:35, 278.17it/s]
aligned seed105:  18%|#7        | 2118/12090 [00:06<00:35, 283.03it/s]
aligned seed105:  18%|#7        | 2147/12090 [00:06<00:34, 284.32it/s]
aligned seed105:  18%|#8        | 2177/12090 [00:07<00:34, 288.36it/s]
aligned seed105:  18%|#8        | 2208/12090 [00:07<00:33, 292.46it/s]
aligned seed105:  19%|#8        | 2242/12090 [00:07<00:32, 304.78it/s]
aligned seed105:  19%|#8        | 2273/12090 [00:07<00:32, 302.80it/s]
aligned seed105:  19%|#9        | 2305/12090 [00:07<00:31, 307.30it/s]
aligned seed105:  19%|#9        | 2336/12090 [00:07<00:32, 302.34it/s]
aligned seed105:  20%|#9        | 2367/12090 [00:07<00:32, 300.53it/s]
aligned seed105:  20%|#9        | 2401/12090 [00:07<00:31, 309.95it/s]
aligned seed105:  20%|##        | 2436/12090 [00:07<00:30, 320.06it/s]
aligned seed105:  20%|##        | 2469/12090 [00:07<00:29, 322.31it/s]
aligned seed105:  21%|##        | 2502/12090 [00:08<00:30, 313.70it/s]
aligned seed105:  21%|##        | 2538/12090 [00:08<00:29, 326.96it/s]
aligned seed105:  21%|##1       | 2571/12090 [00:08<00:29, 324.20it/s]
aligned seed105:  22%|##1       | 2605/12090 [00:08<00:29, 326.17it/s]
aligned seed105:  22%|##1       | 2639/12090 [00:08<00:28, 329.00it/s]
aligned seed105:  22%|##2       | 2672/12090 [00:08<00:28, 328.50it/s]
aligned seed105:  22%|##2       | 2705/12090 [00:08<00:28, 323.71it/s]
aligned seed105:  23%|##2       | 2739/12090 [00:08<00:28, 327.84it/s]
aligned seed105:  23%|##2       | 2773/12090 [00:08<00:28, 330.94it/s]
aligned seed105:  23%|##3       | 2807/12090 [00:08<00:27, 332.07it/s]
aligned seed105:  23%|##3       | 2841/12090 [00:09<00:28, 327.81it/s]
aligned seed105:  24%|##3       | 2874/12090 [00:09<00:28, 318.48it/s]
aligned seed105:  24%|##4       | 2907/12090 [00:09<00:28, 319.03it/s]
aligned seed105:  24%|##4       | 2939/12090 [00:09<00:29, 309.41it/s]
aligned seed105:  25%|##4       | 2971/12090 [00:09<00:29, 308.10it/s]
aligned seed105:  25%|##4       | 3002/12090 [00:09<00:30, 301.90it/s]
aligned seed105:  25%|##5       | 3033/12090 [00:09<00:30, 301.88it/s]
aligned seed105:  25%|##5       | 3064/12090 [00:09<00:30, 299.14it/s]
aligned seed105:  26%|##5       | 3095/12090 [00:09<00:29, 300.87it/s]
aligned seed105:  26%|##5       | 3127/12090 [00:10<00:29, 303.42it/s]
aligned seed105:  26%|##6       | 3158/12090 [00:10<00:30, 294.75it/s]
aligned seed105:  26%|##6       | 3188/12090 [00:10<00:31, 286.68it/s]
aligned seed105:  27%|##6       | 3218/12090 [00:10<00:30, 289.26it/s]
aligned seed105:  27%|##6       | 3249/12090 [00:10<00:30, 292.57it/s]
aligned seed105:  27%|##7       | 3279/12090 [00:10<00:33, 259.93it/s]
aligned seed105:  27%|##7       | 3307/12090 [00:10<00:33, 264.91it/s]
aligned seed105:  28%|##7       | 3335/12090 [00:10<00:32, 267.88it/s]
aligned seed105:  28%|##7       | 3366/12090 [00:10<00:31, 278.24it/s]
aligned seed105:  28%|##8       | 3395/12090 [00:11<00:31, 278.65it/s]
aligned seed105:  28%|##8       | 3425/12090 [00:11<00:30, 283.65it/s]
aligned seed105:  29%|##8       | 3454/12090 [00:11<00:30, 282.69it/s]
aligned seed105:  29%|##8       | 3484/12090 [00:11<00:29, 287.20it/s]
aligned seed105:  29%|##9       | 3515/12090 [00:11<00:29, 291.66it/s]
aligned seed105:  29%|##9       | 3545/12090 [00:11<00:29, 291.62it/s]
aligned seed105:  30%|##9       | 3576/12090 [00:11<00:28, 293.91it/s]
aligned seed105:  30%|##9       | 3607/12090 [00:11<00:28, 298.34it/s]
aligned seed105:  30%|###       | 3637/12090 [00:11<00:28, 297.50it/s]
aligned seed105:  30%|###       | 3667/12090 [00:11<00:28, 292.44it/s]
aligned seed105:  31%|###       | 3697/12090 [00:12<00:30, 279.56it/s]
aligned seed105:  31%|###       | 3726/12090 [00:12<00:29, 280.49it/s]
aligned seed105:  31%|###1      | 3755/12090 [00:12<00:30, 274.46it/s]
aligned seed105:  31%|###1      | 3783/12090 [00:12<00:30, 271.90it/s]
aligned seed105:  32%|###1      | 3811/12090 [00:12<00:30, 271.66it/s]
aligned seed105:  32%|###1      | 3840/12090 [00:12<00:29, 276.88it/s]
aligned seed105:  32%|###1      | 3868/12090 [00:12<00:29, 276.01it/s]
aligned seed105:  32%|###2      | 3896/12090 [00:12<00:29, 274.13it/s]
aligned seed105:  32%|###2      | 3924/12090 [00:12<00:31, 257.67it/s]
aligned seed105:  33%|###2      | 3954/12090 [00:13<00:30, 267.13it/s]
aligned seed105:  33%|###2      | 3984/12090 [00:13<00:29, 274.56it/s]
aligned seed105:  33%|###3      | 4014/12090 [00:13<00:28, 281.49it/s]
aligned seed105:  33%|###3      | 4043/12090 [00:13<00:30, 264.95it/s]
aligned seed105:  34%|###3      | 4073/12090 [00:13<00:29, 272.90it/s]
aligned seed105:  34%|###3      | 4101/12090 [00:13<00:29, 272.76it/s]
aligned seed105:  34%|###4      | 4129/12090 [00:13<00:28, 274.66it/s]
aligned seed105:  34%|###4      | 4160/12090 [00:13<00:28, 281.91it/s]
aligned seed105:  35%|###4      | 4189/12090 [00:13<00:29, 263.72it/s]
aligned seed105:  35%|###4      | 4220/12090 [00:13<00:28, 275.15it/s]
aligned seed105:  35%|###5      | 4248/12090 [00:14<00:28, 272.86it/s]
aligned seed105:  35%|###5      | 4280/12090 [00:14<00:27, 285.88it/s]
aligned seed105:  36%|###5      | 4312/12090 [00:14<00:26, 295.05it/s]
aligned seed105:  36%|###5      | 4343/12090 [00:14<00:26, 297.49it/s]
aligned seed105:  36%|###6      | 4374/12090 [00:14<00:25, 300.07it/s]
aligned seed105:  36%|###6      | 4406/12090 [00:14<00:25, 302.87it/s]
aligned seed105:  37%|###6      | 4438/12090 [00:14<00:24, 307.73it/s]
aligned seed105:  37%|###6      | 4469/12090 [00:14<00:25, 301.27it/s]
aligned seed105:  37%|###7      | 4500/12090 [00:14<00:25, 296.32it/s]
aligned seed105:  38%|###7      | 4534/12090 [00:15<00:24, 308.94it/s]
aligned seed105:  38%|###7      | 4565/12090 [00:15<00:24, 307.03it/s]
aligned seed105:  38%|###8      | 4596/12090 [00:15<00:24, 307.39it/s]
aligned seed105:  38%|###8      | 4628/12090 [00:15<00:24, 309.31it/s]
aligned seed105:  39%|###8      | 4659/12090 [00:15<00:24, 302.51it/s]
aligned seed105:  39%|###8      | 4692/12090 [00:15<00:23, 310.37it/s]
aligned seed105:  39%|###9      | 4724/12090 [00:15<00:23, 313.18it/s]
aligned seed105:  39%|###9      | 4756/12090 [00:15<00:23, 308.71it/s]
aligned seed105:  40%|###9      | 4787/12090 [00:15<00:23, 306.69it/s]
aligned seed105:  40%|###9      | 4818/12090 [00:15<00:24, 301.72it/s]
aligned seed105:  40%|####      | 4851/12090 [00:16<00:23, 308.21it/s]
aligned seed105:  40%|####      | 4882/12090 [00:16<00:23, 308.60it/s]
aligned seed105:  41%|####      | 4914/12090 [00:16<00:23, 310.83it/s]
aligned seed105:  41%|####      | 4946/12090 [00:16<00:23, 310.21it/s]
aligned seed105:  41%|####1     | 4979/12090 [00:16<00:22, 314.28it/s]
aligned seed105:  41%|####1     | 5011/12090 [00:16<00:22, 314.27it/s]
aligned seed105:  42%|####1     | 5045/12090 [00:16<00:22, 319.03it/s]
aligned seed105:  42%|####1     | 5077/12090 [00:16<00:22, 314.90it/s]
aligned seed105:  42%|####2     | 5109/12090 [00:16<00:22, 304.22it/s]
aligned seed105:  43%|####2     | 5141/12090 [00:16<00:22, 308.36it/s]
aligned seed105:  43%|####2     | 5173/12090 [00:17<00:22, 310.64it/s]
aligned seed105:  43%|####3     | 5205/12090 [00:17<00:22, 308.14it/s]
aligned seed105:  43%|####3     | 5237/12090 [00:17<00:22, 309.27it/s]
aligned seed105:  44%|####3     | 5269/12090 [00:17<00:21, 310.12it/s]
aligned seed105:  44%|####3     | 5301/12090 [00:17<00:21, 310.15it/s]
aligned seed105:  44%|####4     | 5333/12090 [00:17<00:21, 311.73it/s]
aligned seed105:  44%|####4     | 5365/12090 [00:17<00:21, 313.02it/s]
aligned seed105:  45%|####4     | 5397/12090 [00:17<00:21, 309.45it/s]
aligned seed105:  45%|####4     | 5428/12090 [00:17<00:21, 305.55it/s]
aligned seed105:  45%|####5     | 5459/12090 [00:18<00:21, 303.77it/s]
aligned seed105:  45%|####5     | 5490/12090 [00:18<00:21, 303.61it/s]
aligned seed105:  46%|####5     | 5521/12090 [00:18<00:21, 303.88it/s]
aligned seed105:  46%|####5     | 5552/12090 [00:18<00:21, 301.68it/s]
aligned seed105:  46%|####6     | 5583/12090 [00:18<00:21, 302.51it/s]
aligned seed105:  46%|####6     | 5614/12090 [00:18<00:21, 302.88it/s]
aligned seed105:  47%|####6     | 5646/12090 [00:18<00:21, 304.32it/s]
aligned seed105:  47%|####6     | 5677/12090 [00:18<00:21, 301.78it/s]
aligned seed105:  47%|####7     | 5709/12090 [00:18<00:20, 305.33it/s]
aligned seed105:  47%|####7     | 5740/12090 [00:18<00:21, 302.29it/s]
aligned seed105:  48%|####7     | 5771/12090 [00:19<00:20, 304.54it/s]
aligned seed105:  48%|####8     | 5804/12090 [00:19<00:20, 309.99it/s]
aligned seed105:  48%|####8     | 5839/12090 [00:19<00:19, 319.83it/s]
aligned seed105:  49%|####8     | 5872/12090 [00:19<00:19, 320.94it/s]
aligned seed105:  49%|####8     | 5905/12090 [00:19<00:19, 316.53it/s]
aligned seed105:  49%|####9     | 5937/12090 [00:19<00:19, 317.53it/s]
aligned seed105:  49%|####9     | 5969/12090 [00:19<00:19, 317.99it/s]
aligned seed105:  50%|####9     | 6002/12090 [00:19<00:19, 320.24it/s]
aligned seed105:  50%|####9     | 6035/12090 [00:19<00:19, 315.12it/s]
aligned seed105:  50%|#####     | 6067/12090 [00:19<00:19, 305.80it/s]
aligned seed105:  50%|#####     | 6101/12090 [00:20<00:19, 314.04it/s]
aligned seed105:  51%|#####     | 6133/12090 [00:20<00:18, 313.56it/s]
aligned seed105:  51%|#####1    | 6166/12090 [00:20<00:18, 317.93it/s]
aligned seed105:  51%|#####1    | 6198/12090 [00:20<00:18, 318.00it/s]
aligned seed105:  52%|#####1    | 6230/12090 [00:20<00:18, 314.14it/s]
aligned seed105:  52%|#####1    | 6262/12090 [00:20<00:18, 313.94it/s]
aligned seed105:  52%|#####2    | 6295/12090 [00:20<00:18, 317.96it/s]
aligned seed105:  52%|#####2    | 6327/12090 [00:20<00:18, 316.40it/s]
aligned seed105:  53%|#####2    | 6359/12090 [00:20<00:18, 314.41it/s]
aligned seed105:  53%|#####2    | 6391/12090 [00:21<00:18, 308.85it/s]
aligned seed105:  53%|#####3    | 6422/12090 [00:21<00:18, 305.10it/s]
aligned seed105:  53%|#####3    | 6453/12090 [00:21<00:18, 304.75it/s]
aligned seed105:  54%|#####3    | 6484/12090 [00:21<00:18, 301.07it/s]
aligned seed105:  54%|#####3    | 6516/12090 [00:21<00:18, 304.68it/s]
aligned seed105:  54%|#####4    | 6547/12090 [00:21<00:18, 304.66it/s]
aligned seed105:  54%|#####4    | 6578/12090 [00:21<00:18, 302.92it/s]
aligned seed105:  55%|#####4    | 6611/12090 [00:21<00:17, 309.19it/s]
aligned seed105:  55%|#####4    | 6644/12090 [00:21<00:17, 315.16it/s]
aligned seed105:  55%|#####5    | 6676/12090 [00:21<00:17, 312.15it/s]
aligned seed105:  55%|#####5    | 6708/12090 [00:22<00:17, 306.78it/s]
aligned seed105:  56%|#####5    | 6740/12090 [00:22<00:17, 307.81it/s]
aligned seed105:  56%|#####6    | 6772/12090 [00:22<00:17, 310.57it/s]
aligned seed105:  56%|#####6    | 6804/12090 [00:22<00:17, 309.37it/s]
aligned seed105:  57%|#####6    | 6838/12090 [00:22<00:16, 317.06it/s]
aligned seed105:  57%|#####6    | 6870/12090 [00:22<00:16, 311.76it/s]
aligned seed105:  57%|#####7    | 6902/12090 [00:22<00:16, 312.64it/s]
aligned seed105:  57%|#####7    | 6934/12090 [00:22<00:16, 309.46it/s]
aligned seed105:  58%|#####7    | 6965/12090 [00:22<00:16, 309.03it/s]
aligned seed105:  58%|#####7    | 6996/12090 [00:22<00:16, 308.87it/s]
aligned seed105:  58%|#####8    | 7027/12090 [00:23<00:16, 307.80it/s]
aligned seed105:  58%|#####8    | 7059/12090 [00:23<00:16, 309.44it/s]
aligned seed105:  59%|#####8    | 7090/12090 [00:23<00:16, 309.09it/s]
aligned seed105:  59%|#####8    | 7121/12090 [00:23<00:16, 309.15it/s]
aligned seed105:  59%|#####9    | 7152/12090 [00:23<00:16, 303.58it/s]
aligned seed105:  59%|#####9    | 7183/12090 [00:23<00:16, 303.56it/s]
aligned seed105:  60%|#####9    | 7215/12090 [00:23<00:15, 307.74it/s]
aligned seed105:  60%|#####9    | 7247/12090 [00:23<00:15, 308.44it/s]
aligned seed105:  60%|######    | 7279/12090 [00:23<00:15, 309.94it/s]
aligned seed105:  60%|######    | 7311/12090 [00:24<00:16, 297.20it/s]
aligned seed105:  61%|######    | 7344/12090 [00:24<00:15, 304.53it/s]
aligned seed105:  61%|######1   | 7375/12090 [00:24<00:15, 298.15it/s]
aligned seed105:  61%|######1   | 7405/12090 [00:24<00:15, 294.57it/s]
aligned seed105:  62%|######1   | 7437/12090 [00:24<00:15, 299.77it/s]
aligned seed105:  62%|######1   | 7469/12090 [00:24<00:15, 303.97it/s]
aligned seed105:  62%|######2   | 7500/12090 [00:24<00:15, 303.58it/s]
aligned seed105:  62%|######2   | 7531/12090 [00:24<00:15, 302.80it/s]
aligned seed105:  63%|######2   | 7562/12090 [00:24<00:14, 304.15it/s]
aligned seed105:  63%|######2   | 7594/12090 [00:24<00:14, 306.20it/s]
aligned seed105:  63%|######3   | 7625/12090 [00:25<00:14, 304.93it/s]
aligned seed105:  63%|######3   | 7658/12090 [00:25<00:14, 311.20it/s]
aligned seed105:  64%|######3   | 7690/12090 [00:25<00:14, 307.70it/s]
aligned seed105:  64%|######3   | 7722/12090 [00:25<00:14, 310.10it/s]
aligned seed105:  64%|######4   | 7754/12090 [00:25<00:13, 312.97it/s]
aligned seed105:  64%|######4   | 7786/12090 [00:25<00:13, 312.57it/s]
aligned seed105:  65%|######4   | 7818/12090 [00:25<00:14, 304.00it/s]
aligned seed105:  65%|######4   | 7849/12090 [00:25<00:14, 298.82it/s]
aligned seed105:  65%|######5   | 7881/12090 [00:25<00:13, 303.31it/s]
aligned seed105:  65%|######5   | 7914/12090 [00:25<00:13, 306.69it/s]
aligned seed105:  66%|######5   | 7945/12090 [00:26<00:13, 301.08it/s]
aligned seed105:  66%|######5   | 7976/12090 [00:26<00:13, 298.92it/s]
aligned seed105:  66%|######6   | 8006/12090 [00:26<00:13, 298.86it/s]
aligned seed105:  66%|######6   | 8037/12090 [00:26<00:13, 298.36it/s]
aligned seed105:  67%|######6   | 8067/12090 [00:26<00:14, 274.92it/s]
aligned seed105:  67%|######6   | 8097/12090 [00:26<00:14, 278.77it/s]
aligned seed105:  67%|######7   | 8126/12090 [00:26<00:14, 281.32it/s]
aligned seed105:  67%|######7   | 8155/12090 [00:26<00:14, 273.50it/s]
aligned seed105:  68%|######7   | 8185/12090 [00:26<00:14, 277.01it/s]
aligned seed105:  68%|######7   | 8213/12090 [00:27<00:14, 272.58it/s]
aligned seed105:  68%|######8   | 8242/12090 [00:27<00:13, 276.72it/s]
aligned seed105:  68%|######8   | 8270/12090 [00:27<00:13, 274.53it/s]
aligned seed105:  69%|######8   | 8300/12090 [00:27<00:13, 280.01it/s]
aligned seed105:  69%|######8   | 8330/12090 [00:27<00:13, 281.70it/s]
aligned seed105:  69%|######9   | 8359/12090 [00:27<00:13, 271.38it/s]
aligned seed105:  69%|######9   | 8387/12090 [00:27<00:13, 270.28it/s]
aligned seed105:  70%|######9   | 8415/12090 [00:27<00:13, 267.71it/s]
aligned seed105:  70%|######9   | 8442/12090 [00:27<00:13, 262.63it/s]
aligned seed105:  70%|#######   | 8469/12090 [00:28<00:13, 259.56it/s]
aligned seed105:  70%|#######   | 8498/12090 [00:28<00:13, 266.73it/s]
aligned seed105:  71%|#######   | 8525/12090 [00:28<00:13, 261.17it/s]
aligned seed105:  71%|#######   | 8552/12090 [00:28<00:13, 261.16it/s]
aligned seed105:  71%|#######   | 8582/12090 [00:28<00:12, 270.64it/s]
aligned seed105:  71%|#######1  | 8610/12090 [00:28<00:12, 270.43it/s]
aligned seed105:  71%|#######1  | 8638/12090 [00:28<00:13, 260.77it/s]
aligned seed105:  72%|#######1  | 8665/12090 [00:28<00:13, 263.14it/s]
aligned seed105:  72%|#######1  | 8692/12090 [00:28<00:13, 258.01it/s]
aligned seed105:  72%|#######2  | 8718/12090 [00:28<00:13, 256.34it/s]
aligned seed105:  72%|#######2  | 8746/12090 [00:29<00:12, 260.02it/s]
aligned seed105:  73%|#######2  | 8773/12090 [00:29<00:12, 258.97it/s]
aligned seed105:  73%|#######2  | 8801/12090 [00:29<00:12, 263.66it/s]
aligned seed105:  73%|#######3  | 8828/12090 [00:29<00:12, 258.68it/s]
aligned seed105:  73%|#######3  | 8854/12090 [00:29<00:12, 258.16it/s]
aligned seed105:  73%|#######3  | 8880/12090 [00:29<00:12, 247.56it/s]
aligned seed105:  74%|#######3  | 8907/12090 [00:29<00:12, 252.65it/s]
aligned seed105:  74%|#######3  | 8933/12090 [00:29<00:12, 249.99it/s]
aligned seed105:  74%|#######4  | 8961/12090 [00:29<00:12, 258.28it/s]
aligned seed105:  74%|#######4  | 8990/12090 [00:30<00:11, 265.38it/s]
aligned seed105:  75%|#######4  | 9019/12090 [00:30<00:11, 268.07it/s]
aligned seed105:  75%|#######4  | 9046/12090 [00:30<00:11, 257.83it/s]
aligned seed105:  75%|#######5  | 9074/12090 [00:30<00:11, 263.52it/s]
aligned seed105:  75%|#######5  | 9101/12090 [00:30<00:11, 262.98it/s]
aligned seed105:  76%|#######5  | 9128/12090 [00:30<00:12, 243.43it/s]
aligned seed105:  76%|#######5  | 9154/12090 [00:30<00:12, 244.20it/s]
aligned seed105:  76%|#######5  | 9180/12090 [00:30<00:11, 248.04it/s]
aligned seed105:  76%|#######6  | 9205/12090 [00:30<00:11, 248.36it/s]
aligned seed105:  76%|#######6  | 9233/12090 [00:30<00:11, 255.85it/s]
aligned seed105:  77%|#######6  | 9259/12090 [00:31<00:11, 255.51it/s]
aligned seed105:  77%|#######6  | 9287/12090 [00:31<00:10, 259.75it/s]
aligned seed105:  77%|#######7  | 9315/12090 [00:31<00:10, 265.36it/s]
aligned seed105:  77%|#######7  | 9343/12090 [00:31<00:10, 269.60it/s]
aligned seed105:  78%|#######7  | 9371/12090 [00:31<00:10, 268.48it/s]
aligned seed105:  78%|#######7  | 9399/12090 [00:31<00:10, 268.52it/s]
aligned seed105:  78%|#######7  | 9427/12090 [00:31<00:09, 270.38it/s]
aligned seed105:  78%|#######8  | 9456/12090 [00:31<00:09, 270.60it/s]
aligned seed105:  78%|#######8  | 9484/12090 [00:31<00:09, 263.46it/s]
aligned seed105:  79%|#######8  | 9511/12090 [00:32<00:10, 254.12it/s]
aligned seed105:  79%|#######8  | 9537/12090 [00:32<00:10, 253.66it/s]
aligned seed105:  79%|#######9  | 9563/12090 [00:32<00:09, 254.65it/s]
aligned seed105:  79%|#######9  | 9593/12090 [00:32<00:09, 266.35it/s]
aligned seed105:  80%|#######9  | 9620/12090 [00:32<00:09, 261.75it/s]
aligned seed105:  80%|#######9  | 9647/12090 [00:32<00:09, 251.32it/s]
aligned seed105:  80%|########  | 9676/12090 [00:32<00:09, 260.15it/s]
aligned seed105:  80%|########  | 9704/12090 [00:32<00:09, 263.27it/s]
aligned seed105:  80%|########  | 9732/12090 [00:32<00:08, 265.52it/s]
aligned seed105:  81%|########  | 9759/12090 [00:32<00:08, 266.39it/s]
aligned seed105:  81%|########  | 9786/12090 [00:33<00:08, 264.83it/s]
aligned seed105:  81%|########1 | 9814/12090 [00:33<00:08, 267.88it/s]
aligned seed105:  81%|########1 | 9841/12090 [00:33<00:08, 266.19it/s]
aligned seed105:  82%|########1 | 9868/12090 [00:33<00:08, 253.71it/s]
aligned seed105:  82%|########1 | 9894/12090 [00:33<00:08, 252.76it/s]
aligned seed105:  82%|########2 | 9920/12090 [00:33<00:09, 224.38it/s]
aligned seed105:  82%|########2 | 9944/12090 [00:33<00:09, 226.67it/s]
aligned seed105:  82%|########2 | 9968/12090 [00:33<00:09, 218.07it/s]
aligned seed105:  83%|########2 | 9991/12090 [00:34<00:10, 203.50it/s]
aligned seed105:  83%|########2 | 10016/12090 [00:34<00:09, 214.75it/s]
aligned seed105:  83%|########3 | 10042/12090 [00:34<00:09, 225.75it/s]
aligned seed105:  83%|########3 | 10065/12090 [00:34<00:08, 225.50it/s]
aligned seed105:  83%|########3 | 10093/12090 [00:34<00:08, 239.19it/s]
aligned seed105:  84%|########3 | 10119/12090 [00:34<00:08, 240.27it/s]
aligned seed105:  84%|########3 | 10144/12090 [00:34<00:08, 242.48it/s]
aligned seed105:  84%|########4 | 10171/12090 [00:34<00:07, 249.64it/s]
aligned seed105:  84%|########4 | 10197/12090 [00:34<00:08, 231.16it/s]
aligned seed105:  85%|########4 | 10221/12090 [00:34<00:08, 229.49it/s]
aligned seed105:  85%|########4 | 10247/12090 [00:35<00:07, 236.78it/s]
aligned seed105:  85%|########4 | 10275/12090 [00:35<00:07, 246.99it/s]
aligned seed105:  85%|########5 | 10304/12090 [00:35<00:06, 257.72it/s]
aligned seed105:  85%|########5 | 10330/12090 [00:35<00:07, 247.44it/s]
aligned seed105:  86%|########5 | 10356/12090 [00:35<00:06, 250.12it/s]
aligned seed105:  86%|########5 | 10382/12090 [00:35<00:06, 247.42it/s]
aligned seed105:  86%|########6 | 10408/12090 [00:35<00:06, 249.11it/s]
aligned seed105:  86%|########6 | 10435/12090 [00:35<00:06, 251.01it/s]
aligned seed105:  87%|########6 | 10461/12090 [00:35<00:06, 233.15it/s]
aligned seed105:  87%|########6 | 10485/12090 [00:36<00:06, 231.95it/s]
aligned seed105:  87%|########6 | 10509/12090 [00:36<00:06, 230.96it/s]
aligned seed105:  87%|########7 | 10534/12090 [00:36<00:06, 234.42it/s]
aligned seed105:  87%|########7 | 10558/12090 [00:36<00:06, 232.31it/s]
aligned seed105:  88%|########7 | 10583/12090 [00:36<00:06, 235.75it/s]
aligned seed105:  88%|########7 | 10607/12090 [00:36<00:06, 234.63it/s]
aligned seed105:  88%|########7 | 10637/12090 [00:36<00:05, 251.49it/s]
aligned seed105:  88%|########8 | 10666/12090 [00:36<00:05, 260.66it/s]
aligned seed105:  88%|########8 | 10693/12090 [00:36<00:05, 262.73it/s]
aligned seed105:  89%|########8 | 10720/12090 [00:36<00:05, 257.51it/s]
aligned seed105:  89%|########8 | 10747/12090 [00:37<00:05, 260.97it/s]
aligned seed105:  89%|########9 | 10774/12090 [00:37<00:05, 262.90it/s]
aligned seed105:  89%|########9 | 10801/12090 [00:37<00:04, 260.13it/s]
aligned seed105:  90%|########9 | 10828/12090 [00:37<00:04, 258.02it/s]
aligned seed105:  90%|########9 | 10856/12090 [00:37<00:04, 262.12it/s]
aligned seed105:  90%|######### | 10883/12090 [00:37<00:04, 261.00it/s]
aligned seed105:  90%|######### | 10910/12090 [00:37<00:04, 259.89it/s]
aligned seed105:  90%|######### | 10937/12090 [00:37<00:04, 261.21it/s]
aligned seed105:  91%|######### | 10964/12090 [00:37<00:04, 260.00it/s]
aligned seed105:  91%|######### | 10992/12090 [00:38<00:04, 265.62it/s]
aligned seed105:  91%|#########1| 11019/12090 [00:38<00:04, 260.56it/s]
aligned seed105:  91%|#########1| 11046/12090 [00:38<00:04, 255.91it/s]
aligned seed105:  92%|#########1| 11072/12090 [00:38<00:03, 255.38it/s]
aligned seed105:  92%|#########1| 11098/12090 [00:38<00:03, 254.25it/s]
aligned seed105:  92%|#########2| 11124/12090 [00:38<00:03, 255.19it/s]
aligned seed105:  92%|#########2| 11153/12090 [00:38<00:03, 261.74it/s]
aligned seed105:  92%|#########2| 11181/12090 [00:38<00:03, 264.20it/s]
aligned seed105:  93%|#########2| 11208/12090 [00:38<00:03, 264.25it/s]
aligned seed105:  93%|#########2| 11235/12090 [00:38<00:03, 259.96it/s]
aligned seed105:  93%|#########3| 11263/12090 [00:39<00:03, 264.31it/s]
aligned seed105:  93%|#########3| 11290/12090 [00:39<00:03, 260.23it/s]
aligned seed105:  94%|#########3| 11317/12090 [00:39<00:02, 261.93it/s]
aligned seed105:  94%|#########3| 11347/12090 [00:39<00:02, 272.15it/s]
aligned seed105:  94%|#########4| 11375/12090 [00:39<00:02, 270.94it/s]
aligned seed105:  94%|#########4| 11403/12090 [00:39<00:02, 264.77it/s]
aligned seed105:  95%|#########4| 11430/12090 [00:39<00:02, 255.38it/s]
aligned seed105:  95%|#########4| 11456/12090 [00:39<00:02, 248.30it/s]
aligned seed105:  95%|#########4| 11484/12090 [00:39<00:02, 256.35it/s]
aligned seed105:  95%|#########5| 11510/12090 [00:40<00:02, 250.73it/s]
aligned seed105:  95%|#########5| 11538/12090 [00:40<00:02, 259.00it/s]
aligned seed105:  96%|#########5| 11566/12090 [00:40<00:01, 264.63it/s]
aligned seed105:  96%|#########5| 11594/12090 [00:40<00:01, 267.22it/s]
aligned seed105:  96%|#########6| 11621/12090 [00:40<00:01, 265.34it/s]
aligned seed105:  96%|#########6| 11648/12090 [00:40<00:01, 261.68it/s]
aligned seed105:  97%|#########6| 11675/12090 [00:40<00:01, 262.55it/s]
aligned seed105:  97%|#########6| 11704/12090 [00:40<00:01, 268.32it/s]
aligned seed105:  97%|#########7| 11731/12090 [00:40<00:01, 264.14it/s]
aligned seed105:  97%|#########7| 11759/12090 [00:40<00:01, 266.40it/s]
aligned seed105:  97%|#########7| 11787/12090 [00:41<00:01, 269.87it/s]
aligned seed105:  98%|#########7| 11815/12090 [00:41<00:01, 270.47it/s]
aligned seed105:  98%|#########7| 11844/12090 [00:41<00:00, 275.79it/s]
aligned seed105:  98%|#########8| 11872/12090 [00:41<00:00, 272.15it/s]
aligned seed105:  98%|#########8| 11900/12090 [00:41<00:00, 266.13it/s]
aligned seed105:  99%|#########8| 11927/12090 [00:41<00:00, 267.18it/s]
aligned seed105:  99%|#########8| 11957/12090 [00:41<00:00, 274.65it/s]
aligned seed105:  99%|#########9| 11985/12090 [00:41<00:00, 244.71it/s]
aligned seed105:  99%|#########9| 12011/12090 [00:41<00:00, 241.91it/s]
aligned seed105: 100%|#########9| 12036/12090 [00:42<00:00, 238.61it/s]
aligned seed105: 100%|#########9| 12061/12090 [00:42<00:00, 239.58it/s]
aligned seed105: 100%|#########9| 12086/12090 [00:42<00:00, 234.77it/s]
aligned seed105: 100%|##########| 12090/12090 [00:42<00:00, 286.10it/s]
seed 105: 12090 trials, 12090 responded -> aligned_seed105_trials.csv, aligned_seed105_fixations.csv
ACT-R connection error connection no longer available.
