
parameters: {':gs-guiding-features': ['color', 'orient', 'size', 'lum'], ':gs-select-interval': 0.05, ':gs-diffuser-capacity': 5, ':gs-choice-beta': 4.0, ':gs-saccade-margin': 0.25, ':gs-saccade-proximity': 0.1, ':gs-revised-saccades': True, ':gs-quit-noise-free': True, ':gs-recognition-extra': False, ':gs-id-drift': 0.25, ':gs-id-threshold': 0.03, ':gs-quit-delta': 0.02, ':gs-memory': 4, ':gs-attn-fvf': 8.0, ':gs-explore-fvf': 12.0, ':gs-max-fixation': 0.4, ':gs-iconic-span': 4.0, ':gs-acuity-theta': ['color', 0.1, 'orient', 0.2, 'shape', 0.4, 'size', 0.2, 'lum', 0.1], ':gs-acuity-sigma': 0.5, ':gs-w-bu': 3, ':gs-w-td': 1.0, ':gs-w-h': 0.3, ':gs-w-v': 0.0, ':gs-w-s': 1.0, ':gs-w-e': 0.02, ':gs-noise': 0.2, ':gs-priming-tau': 10.0, ':gs-qt-init': 1.0, ':gs-qt-step': 0.005, ':gs-error-goal': 0.08, ':gs-feedback-window': 50, ':emma': True, ':saccade-feat-time': 0.05, ':saccade-init-time': 0.05, ':saccade-base-time': 0.02, ':eye-saccade-rate': 0.002, ':visual-encoding-factor': 0.006, ':visual-encoding-exponent': 0.4, ':vis-obj-freq': 0.1, ':visual-attention-latency': 0.085}
ACT-R connection has been started.
candidate_defaults seed102:   0%|          | 0/2880 [00:00<?, ?it/s]
candidate_defaults seed102:   1%|          | 24/2880 [00:00<00:11, 239.55it/s]
candidate_defaults seed102:   2%|2         | 59/2880 [00:00<00:09, 302.84it/s]
candidate_defaults seed102:   3%|3         | 91/2880 [00:00<00:09, 306.79it/s]
candidate_defaults seed102:   4%|4         | 127/2880 [00:00<00:08, 324.76it/s]
candidate_defaults seed102:   6%|5         | 161/2880 [00:00<00:08, 327.94it/s]
candidate_defaults seed102:   7%|6         | 195/2880 [00:00<00:08, 329.48it/s]
candidate_defaults seed102:   8%|7         | 228/2880 [00:00<00:08, 321.96it/s]
candidate_defaults seed102:   9%|9         | 261/2880 [00:00<00:08, 319.92it/s]
candidate_defaults seed102:  10%|#         | 294/2880 [00:00<00:08, 309.26it/s]
candidate_defaults seed102:  11%|#1        | 328/2880 [00:01<00:08, 315.51it/s]
candidate_defaults seed102:  13%|#2        | 366/2880 [00:01<00:07, 334.27it/s]
candidate_defaults seed102:  14%|#3        | 400/2880 [00:01<00:07, 334.82it/s]
candidate_defaults seed102:  15%|#5        | 435/2880 [00:01<00:07, 337.86it/s]
candidate_defaults seed102:  16%|#6        | 469/2880 [00:01<00:07, 335.44it/s]
candidate_defaults seed102:  17%|#7        | 503/2880 [00:01<00:07, 332.99it/s]
candidate_defaults seed102:  19%|#8        | 537/2880 [00:01<00:07, 332.37it/s]
candidate_defaults seed102:  20%|#9        | 573/2880 [00:01<00:06, 338.45it/s]
candidate_defaults seed102:  21%|##1       | 607/2880 [00:01<00:06, 334.67it/s]
candidate_defaults seed102:  22%|##2       | 641/2880 [00:01<00:06, 335.68it/s]
candidate_defaults seed102:  24%|##3       | 677/2880 [00:02<00:06, 339.91it/s]
candidate_defaults seed102:  25%|##4       | 712/2880 [00:02<00:06, 339.21it/s]
candidate_defaults seed102:  26%|##5       | 746/2880 [00:02<00:06, 336.70it/s]
candidate_defaults seed102:  27%|##7       | 780/2880 [00:02<00:06, 333.68it/s]
candidate_defaults seed102:  28%|##8       | 814/2880 [00:02<00:06, 335.21it/s]
candidate_defaults seed102:  29%|##9       | 848/2880 [00:02<00:06, 301.16it/s]
candidate_defaults seed102:  31%|###       | 879/2880 [00:02<00:06, 298.35it/s]
candidate_defaults seed102:  32%|###1      | 910/2880 [00:02<00:06, 294.53it/s]
candidate_defaults seed102:  33%|###2      | 940/2880 [00:02<00:06, 289.49it/s]
candidate_defaults seed102:  34%|###3      | 970/2880 [00:03<00:07, 271.83it/s]
candidate_defaults seed102:  35%|###4      | 998/2880 [00:03<00:07, 264.20it/s]
candidate_defaults seed102:  36%|###5      | 1025/2880 [00:03<00:07, 245.32it/s]
candidate_defaults seed102:  36%|###6      | 1050/2880 [00:03<00:08, 227.25it/s]
candidate_defaults seed102:  37%|###7      | 1074/2880 [00:03<00:08, 200.71it/s]
candidate_defaults seed102:  38%|###8      | 1095/2880 [00:03<00:09, 197.27it/s]
candidate_defaults seed102:  39%|###8      | 1123/2880 [00:03<00:08, 217.20it/s]
candidate_defaults seed102:  40%|###9      | 1147/2880 [00:03<00:07, 223.14it/s]
candidate_defaults seed102:  41%|####      | 1172/2880 [00:04<00:07, 228.71it/s]
candidate_defaults seed102:  42%|####1     | 1199/2880 [00:04<00:07, 240.11it/s]
candidate_defaults seed102:  43%|####2     | 1225/2880 [00:04<00:06, 242.80it/s]
candidate_defaults seed102:  43%|####3     | 1252/2880 [00:04<00:06, 247.86it/s]
candidate_defaults seed102:  45%|####4     | 1283/2880 [00:04<00:06, 262.92it/s]
candidate_defaults seed102:  46%|####5     | 1315/2880 [00:04<00:05, 276.47it/s]
candidate_defaults seed102:  47%|####6     | 1346/2880 [00:04<00:05, 284.74it/s]
candidate_defaults seed102:  48%|####7     | 1375/2880 [00:04<00:05, 284.76it/s]
candidate_defaults seed102:  49%|####8     | 1408/2880 [00:04<00:04, 296.11it/s]
candidate_defaults seed102:  50%|####9     | 1438/2880 [00:04<00:04, 291.32it/s]
candidate_defaults seed102:  51%|#####     | 1468/2880 [00:05<00:05, 280.62it/s]
candidate_defaults seed102:  52%|#####2    | 1498/2880 [00:05<00:04, 286.01it/s]
candidate_defaults seed102:  53%|#####3    | 1531/2880 [00:05<00:04, 297.81it/s]
candidate_defaults seed102:  54%|#####4    | 1561/2880 [00:05<00:04, 290.15it/s]
candidate_defaults seed102:  55%|#####5    | 1591/2880 [00:05<00:04, 288.92it/s]
candidate_defaults seed102:  56%|#####6    | 1620/2880 [00:05<00:04, 285.69it/s]
candidate_defaults seed102:  57%|#####7    | 1652/2880 [00:05<00:04, 293.08it/s]
candidate_defaults seed102:  58%|#####8    | 1682/2880 [00:05<00:04, 292.84it/s]
candidate_defaults seed102:  59%|#####9    | 1713/2880 [00:05<00:03, 294.85it/s]
candidate_defaults seed102:  61%|######    | 1743/2880 [00:05<00:03, 295.17it/s]
candidate_defaults seed102:  62%|######1   | 1773/2880 [00:06<00:03, 291.35it/s]
candidate_defaults seed102:  63%|######2   | 1804/2880 [00:06<00:03, 295.41it/s]
candidate_defaults seed102:  64%|######3   | 1834/2880 [00:06<00:03, 293.82it/s]
candidate_defaults seed102:  65%|######4   | 1865/2880 [00:06<00:03, 294.15it/s]
candidate_defaults seed102:  66%|######5   | 1895/2880 [00:06<00:03, 291.68it/s]
candidate_defaults seed102:  67%|######6   | 1925/2880 [00:06<00:03, 282.67it/s]
candidate_defaults seed102:  68%|######7   | 1954/2880 [00:06<00:03, 282.14it/s]
candidate_defaults seed102:  69%|######8   | 1983/2880 [00:06<00:03, 278.66it/s]
candidate_defaults seed102:  70%|######9   | 2011/2880 [00:06<00:03, 270.48it/s]
candidate_defaults seed102:  71%|#######   | 2040/2880 [00:07<00:03, 275.18it/s]
candidate_defaults seed102:  72%|#######1  | 2068/2880 [00:07<00:02, 275.94it/s]
candidate_defaults seed102:  73%|#######2  | 2097/2880 [00:07<00:02, 278.39it/s]
candidate_defaults seed102:  74%|#######3  | 2126/2880 [00:07<00:02, 279.25it/s]
candidate_defaults seed102:  75%|#######4  | 2154/2880 [00:07<00:02, 275.03it/s]
candidate_defaults seed102:  76%|#######5  | 2182/2880 [00:07<00:02, 276.30it/s]
candidate_defaults seed102:  77%|#######6  | 2210/2880 [00:07<00:02, 277.18it/s]
candidate_defaults seed102:  78%|#######7  | 2238/2880 [00:07<00:02, 274.66it/s]
candidate_defaults seed102:  79%|#######8  | 2266/2880 [00:07<00:02, 265.67it/s]
candidate_defaults seed102:  80%|#######9  | 2293/2880 [00:07<00:02, 254.14it/s]
candidate_defaults seed102:  81%|########  | 2319/2880 [00:08<00:02, 254.53it/s]
candidate_defaults seed102:  81%|########1 | 2345/2880 [00:08<00:02, 241.69it/s]
candidate_defaults seed102:  82%|########2 | 2372/2880 [00:08<00:02, 248.05it/s]
candidate_defaults seed102:  83%|########3 | 2398/2880 [00:08<00:01, 249.39it/s]
candidate_defaults seed102:  84%|########4 | 2426/2880 [00:08<00:01, 256.90it/s]
candidate_defaults seed102:  85%|########5 | 2452/2880 [00:08<00:01, 253.22it/s]
candidate_defaults seed102:  86%|########6 | 2478/2880 [00:08<00:01, 249.28it/s]
candidate_defaults seed102:  87%|########6 | 2503/2880 [00:08<00:01, 247.93it/s]
candidate_defaults seed102:  88%|########7 | 2529/2880 [00:08<00:01, 249.44it/s]
candidate_defaults seed102:  89%|########8 | 2554/2880 [00:09<00:01, 240.12it/s]
candidate_defaults seed102:  90%|########9 | 2579/2880 [00:09<00:01, 242.73it/s]
candidate_defaults seed102:  91%|######### | 2608/2880 [00:09<00:01, 255.32it/s]
candidate_defaults seed102:  91%|#########1| 2635/2880 [00:09<00:00, 259.45it/s]
candidate_defaults seed102:  92%|#########2| 2662/2880 [00:09<00:00, 253.23it/s]
candidate_defaults seed102:  93%|#########3| 2688/2880 [00:09<00:00, 252.47it/s]
candidate_defaults seed102:  94%|#########4| 2714/2880 [00:09<00:00, 253.82it/s]
candidate_defaults seed102:  95%|#########5| 2741/2880 [00:09<00:00, 255.97it/s]
candidate_defaults seed102:  96%|#########6| 2767/2880 [00:09<00:00, 252.21it/s]
candidate_defaults seed102:  97%|#########6| 2793/2880 [00:10<00:00, 241.56it/s]
candidate_defaults seed102:  98%|#########7| 2818/2880 [00:10<00:00, 243.03it/s]
candidate_defaults seed102:  99%|#########8| 2845/2880 [00:10<00:00, 248.90it/s]
candidate_defaults seed102: 100%|#########9| 2870/2880 [00:10<00:00, 246.32it/s]
candidate_defaults seed102: 100%|##########| 2880/2880 [00:10<00:00, 278.29it/s]
seed 102: 2880 trials, 2880 responded -> candidate_defaults_seed102_trials.csv, candidate_defaults_seed102_fixations.csv
ACT-R connection error connection no longer available.
