
parameters: {':gs-guiding-features': ['color', 'orient', 'size', 'lum'], ':gs-select-interval': 0.05, ':gs-diffuser-capacity': 5, ':gs-choice-beta': 4.0, ':gs-saccade-margin': 0.25, ':gs-saccade-proximity': 0.1, ':gs-revised-saccades': True, ':gs-quit-noise-free': True, ':gs-recognition-extra': False, ':gs-id-drift': 0.25, ':gs-id-threshold': 0.03, ':gs-quit-delta': 0.02, ':gs-memory': 4, ':gs-attn-fvf': 8.0, ':gs-explore-fvf': 12.0, ':gs-max-fixation': 0.4, ':gs-iconic-span': 4.0, ':gs-acuity-theta': ['color', 0.1, 'orient', 0.2, 'shape', 0.4, 'size', 0.2, 'lum', 0.1], ':gs-acuity-sigma': 0.5, ':gs-w-bu': 0.5, ':gs-w-td': 1.0, ':gs-w-h': 0.3, ':gs-w-v': 0.0, ':gs-w-s': 1.0, ':gs-w-e': 0.02, ':gs-noise': 0.2, ':gs-priming-tau': 10.0, ':gs-qt-init': 1.0, ':gs-qt-step': 0.05, ':gs-error-goal': 0.08, ':gs-feedback-window': 50, ':emma': True, ':saccade-feat-time': 0.05, ':saccade-init-time': 0.05, ':saccade-base-time': 0.02, ':eye-saccade-rate': 0.002, ':visual-encoding-factor': 0.006, ':visual-encoding-exponent': 0.4, ':vis-obj-freq': 0.1, ':visual-attention-latency': 0.085}
ACT-R connection has been started.
corrected seed103:   0%|          | 0/2970 [00:00<?, ?it/s]
corrected seed103:   1%|          | 24/2970 [00:00<00:12, 236.92it/s]
corrected seed103:   2%|1         | 58/2970 [00:00<00:09, 295.00it/s]
corrected seed103:   3%|3         | 90/2970 [00:00<00:09, 304.89it/s]
corrected seed103:   4%|4         | 121/2970 [00:00<00:09, 297.08it/s]
corrected seed103:   5%|5         | 152/2970 [00:00<00:09, 298.76it/s]
corrected seed103:   6%|6         | 182/2970 [00:00<00:09, 298.21it/s]
corrected seed103:   7%|7         | 214/2970 [00:00<00:09, 303.52it/s]
corrected seed103:   8%|8         | 249/2970 [00:00<00:08, 316.96it/s]
corrected seed103:  10%|9         | 283/2970 [00:00<00:08, 322.10it/s]
corrected seed103:  11%|#         | 316/2970 [00:01<00:08, 316.53it/s]
corrected seed103:  12%|#1        | 348/2970 [00:01<00:08, 314.38it/s]
corrected seed103:  13%|#2        | 384/2970 [00:01<00:07, 324.63it/s]
corrected seed103:  14%|#4        | 417/2970 [00:01<00:07, 324.39it/s]
corrected seed103:  15%|#5        | 450/2970 [00:01<00:07, 324.94it/s]
corrected seed103:  16%|#6        | 483/2970 [00:01<00:07, 322.45it/s]
corrected seed103:  17%|#7        | 516/2970 [00:01<00:07, 319.63it/s]
corrected seed103:  19%|#8        | 550/2970 [00:01<00:07, 324.86it/s]
corrected seed103:  20%|#9        | 584/2970 [00:01<00:07, 325.49it/s]
corrected seed103:  21%|##        | 617/2970 [00:01<00:07, 324.59it/s]
corrected seed103:  22%|##1       | 651/2970 [00:02<00:07, 326.00it/s]
corrected seed103:  23%|##3       | 684/2970 [00:02<00:07, 325.89it/s]
corrected seed103:  24%|##4       | 717/2970 [00:02<00:06, 326.40it/s]
corrected seed103:  25%|##5       | 750/2970 [00:02<00:06, 319.36it/s]
corrected seed103:  26%|##6       | 783/2970 [00:02<00:06, 322.10it/s]
corrected seed103:  27%|##7       | 816/2970 [00:02<00:06, 323.28it/s]
corrected seed103:  29%|##8       | 849/2970 [00:02<00:06, 317.52it/s]
corrected seed103:  30%|##9       | 883/2970 [00:02<00:06, 323.67it/s]
corrected seed103:  31%|###       | 916/2970 [00:02<00:06, 322.41it/s]
corrected seed103:  32%|###1      | 950/2970 [00:02<00:06, 325.95it/s]
corrected seed103:  33%|###3      | 983/2970 [00:03<00:06, 317.46it/s]
corrected seed103:  34%|###4      | 1015/2970 [00:03<00:06, 303.18it/s]
corrected seed103:  35%|###5      | 1046/2970 [00:03<00:06, 299.29it/s]
corrected seed103:  36%|###6      | 1077/2970 [00:03<00:06, 298.72it/s]
corrected seed103:  37%|###7      | 1109/2970 [00:03<00:06, 301.40it/s]
corrected seed103:  38%|###8      | 1140/2970 [00:03<00:06, 292.99it/s]
corrected seed103:  39%|###9      | 1170/2970 [00:03<00:06, 291.13it/s]
corrected seed103:  41%|####      | 1204/2970 [00:03<00:05, 304.80it/s]
corrected seed103:  42%|####1     | 1235/2970 [00:03<00:05, 302.27it/s]
corrected seed103:  43%|####2     | 1266/2970 [00:04<00:05, 303.31it/s]
corrected seed103:  44%|####3     | 1298/2970 [00:04<00:05, 306.63it/s]
corrected seed103:  45%|####4     | 1329/2970 [00:04<00:05, 304.98it/s]
corrected seed103:  46%|####5     | 1361/2970 [00:04<00:05, 307.51it/s]
corrected seed103:  47%|####6     | 1392/2970 [00:04<00:05, 306.50it/s]
corrected seed103:  48%|####7     | 1424/2970 [00:04<00:05, 308.87it/s]
corrected seed103:  49%|####8     | 1455/2970 [00:04<00:05, 302.42it/s]
corrected seed103:  50%|#####     | 1486/2970 [00:04<00:04, 299.50it/s]
corrected seed103:  51%|#####1    | 1518/2970 [00:04<00:04, 303.55it/s]
corrected seed103:  52%|#####2    | 1549/2970 [00:04<00:04, 303.73it/s]
corrected seed103:  53%|#####3    | 1581/2970 [00:05<00:04, 307.67it/s]
corrected seed103:  54%|#####4    | 1612/2970 [00:05<00:04, 305.26it/s]
corrected seed103:  55%|#####5    | 1643/2970 [00:05<00:04, 301.42it/s]
corrected seed103:  56%|#####6    | 1674/2970 [00:05<00:04, 302.94it/s]
corrected seed103:  57%|#####7    | 1706/2970 [00:05<00:04, 305.91it/s]
corrected seed103:  58%|#####8    | 1737/2970 [00:05<00:04, 287.96it/s]
corrected seed103:  59%|#####9    | 1767/2970 [00:05<00:04, 288.53it/s]
corrected seed103:  61%|######    | 1797/2970 [00:05<00:04, 285.21it/s]
corrected seed103:  61%|######1   | 1826/2970 [00:05<00:04, 278.51it/s]
corrected seed103:  62%|######2   | 1856/2970 [00:06<00:03, 281.49it/s]
corrected seed103:  63%|######3   | 1885/2970 [00:06<00:03, 279.55it/s]
corrected seed103:  64%|######4   | 1914/2970 [00:06<00:03, 275.18it/s]
corrected seed103:  65%|######5   | 1944/2970 [00:06<00:03, 280.68it/s]
corrected seed103:  66%|######6   | 1973/2970 [00:06<00:03, 280.61it/s]
corrected seed103:  67%|######7   | 2002/2970 [00:06<00:03, 258.17it/s]
corrected seed103:  68%|######8   | 2029/2970 [00:06<00:03, 255.88it/s]
corrected seed103:  69%|######9   | 2056/2970 [00:06<00:03, 259.19it/s]
corrected seed103:  70%|#######   | 2083/2970 [00:06<00:03, 248.53it/s]
corrected seed103:  71%|#######1  | 2109/2970 [00:07<00:03, 241.86it/s]
corrected seed103:  72%|#######1  | 2135/2970 [00:07<00:03, 245.16it/s]
corrected seed103:  73%|#######2  | 2162/2970 [00:07<00:03, 251.99it/s]
corrected seed103:  74%|#######3  | 2188/2970 [00:07<00:03, 249.71it/s]
corrected seed103:  75%|#######4  | 2217/2970 [00:07<00:02, 259.69it/s]
corrected seed103:  76%|#######5  | 2244/2970 [00:07<00:02, 259.86it/s]
corrected seed103:  76%|#######6  | 2271/2970 [00:07<00:02, 258.83it/s]
corrected seed103:  77%|#######7  | 2297/2970 [00:07<00:02, 257.19it/s]
corrected seed103:  78%|#######8  | 2323/2970 [00:07<00:02, 252.42it/s]
corrected seed103:  79%|#######9  | 2349/2970 [00:07<00:02, 251.89it/s]
corrected seed103:  80%|#######9  | 2375/2970 [00:08<00:02, 245.83it/s]
corrected seed103:  81%|########  | 2400/2970 [00:08<00:02, 246.30it/s]
corrected seed103:  82%|########1 | 2426/2970 [00:08<00:02, 248.48it/s]
corrected seed103:  83%|########2 | 2453/2970 [00:08<00:02, 252.82it/s]
corrected seed103:  84%|########3 | 2480/2970 [00:08<00:01, 257.76it/s]
corrected seed103:  84%|########4 | 2509/2970 [00:08<00:01, 266.39it/s]
corrected seed103:  85%|########5 | 2536/2970 [00:08<00:01, 250.16it/s]
corrected seed103:  86%|########6 | 2562/2970 [00:08<00:01, 246.95it/s]
corrected seed103:  87%|########7 | 2587/2970 [00:08<00:01, 242.79it/s]
corrected seed103:  88%|########7 | 2612/2970 [00:09<00:01, 241.12it/s]
corrected seed103:  89%|########8 | 2637/2970 [00:09<00:01, 233.06it/s]
corrected seed103:  90%|########9 | 2662/2970 [00:09<00:01, 235.73it/s]
corrected seed103:  90%|######### | 2686/2970 [00:09<00:01, 232.45it/s]
corrected seed103:  91%|#########1| 2710/2970 [00:09<00:01, 229.70it/s]
corrected seed103:  92%|#########2| 2735/2970 [00:09<00:01, 233.63it/s]
corrected seed103:  93%|#########2| 2759/2970 [00:09<00:00, 235.30it/s]
corrected seed103:  94%|#########3| 2783/2970 [00:09<00:00, 233.26it/s]
corrected seed103:  95%|#########4| 2807/2970 [00:09<00:00, 213.02it/s]
corrected seed103:  95%|#########5| 2831/2970 [00:10<00:00, 220.32it/s]
corrected seed103:  96%|#########6| 2855/2970 [00:10<00:00, 225.72it/s]
corrected seed103:  97%|#########7| 2882/2970 [00:10<00:00, 238.06it/s]
corrected seed103:  98%|#########7| 2907/2970 [00:10<00:00, 236.00it/s]
corrected seed103:  99%|#########8| 2934/2970 [00:10<00:00, 244.95it/s]
corrected seed103: 100%|#########9| 2960/2970 [00:10<00:00, 248.24it/s]
corrected seed103: 100%|##########| 2970/2970 [00:10<00:00, 281.26it/s]
seed 103: 2970 trials, 2970 responded -> corrected_seed103_trials.csv, corrected_seed103_fixations.csv
ACT-R connection error connection no longer available.
